Archive member included to satisfy reference by file (symbol)

c:/program files (x86)/atmel/studio/7.0/toolchain/arm/arm-gnu-toolchain/bin/../lib/gcc/arm-none-eabi/6.3.1/thumb/v6-m\libgcc.a(_udivsi3.o)
                              hpl/core/hpl_core_m0plus_base.o (__aeabi_uidiv)
c:/program files (x86)/atmel/studio/7.0/toolchain/arm/arm-gnu-toolchain/bin/../lib/gcc/arm-none-eabi/6.3.1/thumb/v6-m\libgcc.a(_divsi3.o)
                              hal/src/hal_adc_sync.o (__aeabi_idivmod)
c:/program files (x86)/atmel/studio/7.0/toolchain/arm/arm-gnu-toolchain/bin/../lib/gcc/arm-none-eabi/6.3.1/thumb/v6-m\libgcc.a(_dvmd_tls.o)
                              c:/program files (x86)/atmel/studio/7.0/toolchain/arm/arm-gnu-toolchain/bin/../lib/gcc/arm-none-eabi/6.3.1/thumb/v6-m\libgcc.a(_udivsi3.o) (__aeabi_idiv0)
c:/program files (x86)/atmel/studio/7.0/toolchain/arm/arm-gnu-toolchain/bin/../lib/gcc/arm-none-eabi/6.3.1/thumb/v6-m\libgcc.a(_aeabi_uldivmod.o)
                              hpl/sercom/hpl_sercom.o (__aeabi_uldivmod)
c:/program files (x86)/atmel/studio/7.0/toolchain/arm/arm-gnu-toolchain/bin/../lib/gcc/arm-none-eabi/6.3.1/thumb/v6-m\libgcc.a(_muldi3.o)
                              hpl/sercom/hpl_sercom.o (__aeabi_lmul)
c:/program files (x86)/atmel/studio/7.0/toolchain/arm/arm-gnu-toolchain/bin/../lib/gcc/arm-none-eabi/6.3.1/thumb/v6-m\libgcc.a(_ffssi2.o)
                              hpl/eic/hpl_eic.o (__ffssi2)
c:/program files (x86)/atmel/studio/7.0/toolchain/arm/arm-gnu-toolchain/bin/../lib/gcc/arm-none-eabi/6.3.1/thumb/v6-m\libgcc.a(_fixunsdfsi.o)
                              hpl/sercom/hpl_sercom.o (__aeabi_d2uiz)
c:/program files (x86)/atmel/studio/7.0/toolchain/arm/arm-gnu-toolchain/bin/../lib/gcc/arm-none-eabi/6.3.1/thumb/v6-m\libgcc.a(_udivmoddi4.o)
                              c:/program files (x86)/atmel/studio/7.0/toolchain/arm/arm-gnu-toolchain/bin/../lib/gcc/arm-none-eabi/6.3.1/thumb/v6-m\libgcc.a(_aeabi_uldivmod.o) (__udivmoddi4)
c:/program files (x86)/atmel/studio/7.0/toolchain/arm/arm-gnu-toolchain/bin/../lib/gcc/arm-none-eabi/6.3.1/thumb/v6-m\libgcc.a(divdf3.o)
                              hpl/sercom/hpl_sercom.o (__aeabi_ddiv)
c:/program files (x86)/atmel/studio/7.0/toolchain/arm/arm-gnu-toolchain/bin/../lib/gcc/arm-none-eabi/6.3.1/thumb/v6-m\libgcc.a(muldf3.o)
                              hpl/sercom/hpl_sercom.o (__aeabi_dmul)
c:/program files (x86)/atmel/studio/7.0/toolchain/arm/arm-gnu-toolchain/bin/../lib/gcc/arm-none-eabi/6.3.1/thumb/v6-m\libgcc.a(subdf3.o)
                              hpl/sercom/hpl_sercom.o (__aeabi_dsub)
c:/program files (x86)/atmel/studio/7.0/toolchain/arm/arm-gnu-toolchain/bin/../lib/gcc/arm-none-eabi/6.3.1/thumb/v6-m\libgcc.a(fixdfsi.o)
                              c:/program files (x86)/atmel/studio/7.0/toolchain/arm/arm-gnu-toolchain/bin/../lib/gcc/arm-none-eabi/6.3.1/thumb/v6-m\libgcc.a(_fixunsdfsi.o) (__aeabi_d2iz)
c:/program files (x86)/atmel/studio/7.0/toolchain/arm/arm-gnu-toolchain/bin/../lib/gcc/arm-none-eabi/6.3.1/thumb/v6-m\libgcc.a(floatsidf.o)
                              hpl/sercom/hpl_sercom.o (__aeabi_i2d)
c:/program files (x86)/atmel/studio/7.0/toolchain/arm/arm-gnu-toolchain/bin/../lib/gcc/arm-none-eabi/6.3.1/thumb/v6-m\libgcc.a(floatunsidf.o)
                              hpl/sercom/hpl_sercom.o (__aeabi_ui2d)
c:/program files (x86)/atmel/studio/7.0/toolchain/arm/arm-gnu-toolchain/bin/../lib/gcc/arm-none-eabi/6.3.1/thumb/v6-m\libgcc.a(_arm_cmpdf2.o)
                              c:/program files (x86)/atmel/studio/7.0/toolchain/arm/arm-gnu-toolchain/bin/../lib/gcc/arm-none-eabi/6.3.1/thumb/v6-m\libgcc.a(_fixunsdfsi.o) (__aeabi_dcmpge)
c:/program files (x86)/atmel/studio/7.0/toolchain/arm/arm-gnu-toolchain/bin/../lib/gcc/arm-none-eabi/6.3.1/thumb/v6-m\libgcc.a(_clzsi2.o)
                              c:/program files (x86)/atmel/studio/7.0/toolchain/arm/arm-gnu-toolchain/bin/../lib/gcc/arm-none-eabi/6.3.1/thumb/v6-m\libgcc.a(divdf3.o) (__clzsi2)
c:/program files (x86)/atmel/studio/7.0/toolchain/arm/arm-gnu-toolchain/bin/../lib/gcc/arm-none-eabi/6.3.1/thumb/v6-m\libgcc.a(_clzdi2.o)
                              c:/program files (x86)/atmel/studio/7.0/toolchain/arm/arm-gnu-toolchain/bin/../lib/gcc/arm-none-eabi/6.3.1/thumb/v6-m\libgcc.a(_udivmoddi4.o) (__clzdi2)
c:/program files (x86)/atmel/studio/7.0/toolchain/arm/arm-gnu-toolchain/bin/../lib/gcc/arm-none-eabi/6.3.1/thumb/v6-m\libgcc.a(_ctzsi2.o)
                              c:/program files (x86)/atmel/studio/7.0/toolchain/arm/arm-gnu-toolchain/bin/../lib/gcc/arm-none-eabi/6.3.1/thumb/v6-m\libgcc.a(_ffssi2.o) (__ctzsi2)
c:/program files (x86)/atmel/studio/7.0/toolchain/arm/arm-gnu-toolchain/bin/../lib/gcc/arm-none-eabi/6.3.1/thumb/v6-m\libgcc.a(eqdf2.o)
                              c:/program files (x86)/atmel/studio/7.0/toolchain/arm/arm-gnu-toolchain/bin/../lib/gcc/arm-none-eabi/6.3.1/thumb/v6-m\libgcc.a(_arm_cmpdf2.o) (__eqdf2)
[...]
Memory Configuration

Name             Origin             Length             Attributes
rom              0x00000000         0x00040000         xr
ram              0x20000000         0x00008000         xrw
*default*        0x00000000         0xffffffff

Linker script and memory map

LOAD c:/program files (x86)/atmel/studio/7.0/toolchain/arm/arm-gnu-toolchain/bin/../lib/gcc/arm-none-eabi/6.3.1/thumb/v6-m/crti.o
LOAD c:/program files (x86)/atmel/studio/7.0/toolchain/arm/arm-gnu-toolchain/bin/../lib/gcc/arm-none-eabi/6.3.1/thumb/v6-m/crtbegin.o
LOAD c:/program files (x86)/atmel/studio/7.0/toolchain/arm/arm-gnu-toolchain/bin/../lib/gcc/arm-none-eabi/6.3.1/../../../../arm-none-eabi/lib/thumb/v6-m/crt0.o
LOAD atmel_start.o
LOAD Device_Startup/startup_samd21.o
LOAD Device_Startup/system_samd21.o
LOAD driver_init.o
LOAD examples/driver_examples.o
LOAD hal/src/hal_adc_sync.o
LOAD hal/src/hal_atomic.o
LOAD hal/src/hal_crc_sync.o
LOAD hal/src/hal_delay.o
LOAD hal/src/hal_evsys.o
LOAD hal/src/hal_ext_irq.o
LOAD hal/src/hal_gpio.o
LOAD hal/src/hal_init.o
LOAD hal/src/hal_io.o
LOAD hal/src/hal_pwm.o
LOAD hal/src/hal_sleep.o
LOAD hal/src/hal_timer.o
LOAD hal/src/hal_usart_sync.o
LOAD hal/src/hal_usb_device.o
LOAD hal/utils/src/utils_assert.o
LOAD hal/utils/src/utils_event.o
LOAD hal/utils/src/utils_list.o
LOAD hal/utils/src/utils_syscalls.o
LOAD hpl/adc/hpl_adc.o
LOAD hpl/core/hpl_core_m0plus_base.o
LOAD hpl/core/hpl_init.o
LOAD hpl/dmac/hpl_dmac.o
LOAD hpl/dsu/hpl_dsu.o
LOAD hpl/eic/hpl_eic.o
LOAD hpl/evsys/hpl_evsys.o
LOAD hpl/gclk/hpl_gclk.o
LOAD hpl/pac/hpl_pac.o
LOAD hpl/pm/hpl_pm.o
LOAD hpl/rtc/hpl_rtc.o
LOAD hpl/sercom/hpl_sercom.o
LOAD hpl/sysctrl/hpl_sysctrl.o
LOAD hpl/systick/hpl_systick.o
LOAD hpl/tc/hpl_tc.o
LOAD hpl/usb/hpl_usb.o
LOAD main.o
LOAD usb/class/cdc/device/cdcdf_acm.o
LOAD usb/device/usbdc.o
LOAD usb/usb_protocol.o
LOAD usb_start.o
START GROUP
LOAD c:/program files (x86)/atmel/studio/7.0/toolchain/arm/arm-gnu-toolchain/bin/../lib/gcc/arm-none-eabi/6.3.1/../../../../arm-none-eabi/lib/thumb/v6-m\libm.a
END GROUP
START GROUP
LOAD c:/program files (x86)/atmel/studio/7.0/toolchain/arm/arm-gnu-toolchain/bin/../lib/gcc/arm-none-eabi/6.3.1/thumb/v6-m\libgcc.a
LOAD c:/program files (x86)/atmel/studio/7.0/toolchain/arm/arm-gnu-toolchain/bin/../lib/gcc/arm-none-eabi/6.3.1/../../../../arm-none-eabi/lib/thumb/v6-m\libc_nano.a
END GROUP
START GROUP
LOAD c:/program files (x86)/atmel/studio/7.0/toolchain/arm/arm-gnu-toolchain/bin/../lib/gcc/arm-none-eabi/6.3.1/thumb/v6-m\libgcc.a
LOAD c:/program files (x86)/atmel/studio/7.0/toolchain/arm/arm-gnu-toolchain/bin/../lib/gcc/arm-none-eabi/6.3.1/../../../../arm-none-eabi/lib/thumb/v6-m\libc_nano.a
END GROUP
LOAD c:/program files (x86)/atmel/studio/7.0/toolchain/arm/arm-gnu-toolchain/bin/../lib/gcc/arm-none-eabi/6.3.1/thumb/v6-m/crtend.o
LOAD c:/program files (x86)/atmel/studio/7.0/toolchain/arm/arm-gnu-toolchain/bin/../lib/gcc/arm-none-eabi/6.3.1/thumb/v6-m/crtn.o
                0x00002000                STACK_SIZE = DEFINED (STACK_SIZE)?STACK_SIZE:DEFINED (__stack_size__)?__stack_size__:0x2000

.text           0x00000000     0x4908
                0x00000000                . = ALIGN (0x4)
                0x00000000                _sfixed = .
 *(.vectors .vectors.*)
 .vectors       0x00000000       0xb4 Device_Startup/startup_samd21.o
                0x00000000                exception_table
 *(.text .text.* .gnu.linkonce.t.*)
 .text          0x000000b4       0x60 c:/program files (x86)/atmel/studio/7.0/toolchain/arm/arm-gnu-toolchain/bin/../lib/gcc/arm-none-eabi/6.3.1/thumb/v6-m/crtbegin.o
 .text.atmel_start_init
                0x00000114       0x14 atmel_start.o
                0x00000114                atmel_start_init
 .text.Dummy_Handler
                0x00000128        0x2 Device_Startup/startup_samd21.o
                0x00000128                SVCall_Handler
                0x00000128                DMAC_Handler
                0x00000128                HardFault_Handler
                0x00000128                AC_Handler
                0x00000128                SysTick_Handler
                0x00000128                PendSV_Handler
                0x00000128                SERCOM1_Handler
                0x00000128                ADC_Handler
                0x00000128                NonMaskableInt_Handler
                0x00000128                TCC1_Handler
                0x00000128                SERCOM2_Handler
                0x00000128                TCC0_Handler
                0x00000128                WDT_Handler
                0x00000128                TC4_Handler
                0x00000128                Dummy_Handler
                0x00000128                PM_Handler
                0x00000128                SERCOM5_Handler
                0x00000128                TCC2_Handler
                0x00000128                EVSYS_Handler
                0x00000128                SERCOM3_Handler
                0x00000128                SERCOM4_Handler
                0x00000128                I2S_Handler
                0x00000128                NVMCTRL_Handler
                0x00000128                SERCOM0_Handler
                0x00000128                DAC_Handler
                0x00000128                PTC_Handler
                0x00000128                TC5_Handler
                0x00000128                SYSCTRL_Handler
 *fill*         0x0000012a        0x2 
 .text.Reset_Handler
                0x0000012c       0xe4 Device_Startup/startup_samd21.o
                0x0000012c                Reset_Handler
 .text.ADC_0_PORT_init
                0x00000210       0xd8 driver_init.o
                0x00000210                ADC_0_PORT_init
 .text.ADC_0_CLOCK_init
                0x000002e8       0x20 driver_init.o
                0x000002e8                ADC_0_CLOCK_init
 .text.ADC_0_init
                0x00000308       0x2c driver_init.o
                0x00000308                ADC_0_init
 .text.CRC_0_init
                0x00000334       0x30 driver_init.o
                0x00000334                CRC_0_init
 .text.EXTERNAL_IRQ_0_init
                0x00000364       0x1c driver_init.o
                0x00000364                EXTERNAL_IRQ_0_init
 .text.USART_0_PORT_init
                0x00000380       0x40 driver_init.o
                0x00000380                USART_0_PORT_init
 .text.USART_0_CLOCK_init
                0x000003c0       0x20 driver_init.o
                0x000003c0                USART_0_CLOCK_init
 .text.USART_0_init
                0x000003e0       0x2c driver_init.o
                0x000003e0                USART_0_init
 .text.delay_driver_init
                0x0000040c       0x14 driver_init.o
                0x0000040c                delay_driver_init
 .text.PWM_0_CLOCK_init
                0x00000420       0x20 driver_init.o
                0x00000420                PWM_0_CLOCK_init
 .text.PWM_0_init
                0x00000440       0x2c driver_init.o
                0x00000440                PWM_0_init
 .text.USB_DEVICE_INSTANCE_PORT_init
                0x0000046c       0x88 driver_init.o
                0x0000046c                USB_DEVICE_INSTANCE_PORT_init
 .text.USB_DEVICE_INSTANCE_CLOCK_init
                0x000004f4       0x28 driver_init.o
                0x000004f4                USB_DEVICE_INSTANCE_CLOCK_init
 .text.USB_DEVICE_INSTANCE_init
                0x0000051c       0x1c driver_init.o
                0x0000051c                USB_DEVICE_INSTANCE_init
 .text.system_init
                0x00000538       0xb0 driver_init.o
                0x00000538                system_init
 .text.adc_sync_init
                0x000005e8       0x34 hal/src/hal_adc_sync.o
                0x000005e8                adc_sync_init
 .text.adc_sync_enable_channel
                0x0000061c       0x2c hal/src/hal_adc_sync.o
                0x0000061c                adc_sync_enable_channel
 .text.adc_sync_read_channel
                0x00000648       0xc0 hal/src/hal_adc_sync.o
                0x00000648                adc_sync_read_channel
 .text.atomic_enter_critical
                0x00000708        0xe hal/src/hal_atomic.o
                0x00000708                atomic_enter_critical
 .text.atomic_leave_critical
                0x00000716        0xc hal/src/hal_atomic.o
                0x00000716                atomic_leave_critical
 *fill*         0x00000722        0x2 
 .text.crc_sync_init
                0x00000724       0x34 hal/src/hal_crc_sync.o
                0x00000724                crc_sync_init
 .text.delay_init
                0x00000758       0x14 hal/src/hal_delay.o
                0x00000758                delay_init
 .text.delay_ms
                0x0000076c       0x20 hal/src/hal_delay.o
                0x0000076c                delay_ms
 .text.event_system_init
                0x0000078c        0xc hal/src/hal_evsys.o
                0x0000078c                event_system_init
 .text.process_ext_irq
                0x00000798       0x38 hal/src/hal_ext_irq.o
 .text.ext_irq_init
                0x000007d0       0x24 hal/src/hal_ext_irq.o
                0x000007d0                ext_irq_init
 .text.io_write
                0x000007f4       0x34 hal/src/hal_io.o
                0x000007f4                io_write
 .text.io_read  0x00000828       0x34 hal/src/hal_io.o
                0x00000828                io_read
 .text.pwm_period_expired
                0x0000085c        0xc hal/src/hal_pwm.o
 .text.pwm_detect_fault
                0x00000868        0xc hal/src/hal_pwm.o
 .text.pwm_init
                0x00000874       0x48 hal/src/hal_pwm.o
                0x00000874                pwm_init
 .text.timer_add_timer_task
                0x000008bc       0x70 hal/src/hal_timer.o
 .text.timer_process_counted
                0x0000092c       0x8c hal/src/hal_timer.o
 .text.timer_init
                0x000009b8       0x44 hal/src/hal_timer.o
                0x000009b8                timer_init
 .text.usart_sync_write
                0x000009fc       0x7c hal/src/hal_usart_sync.o
 .text.usart_sync_read
                0x00000a78       0x68 hal/src/hal_usart_sync.o
 .text.usart_sync_init
                0x00000ae0       0x4c hal/src/hal_usart_sync.o
                0x00000ae0                usart_sync_init
 .text.usart_sync_enable
                0x00000b2c       0x2c hal/src/hal_usart_sync.o
                0x00000b2c                usart_sync_enable
 .text.usart_sync_get_io_descriptor
                0x00000b58       0x2c hal/src/hal_usart_sync.o
                0x00000b58                usart_sync_get_io_descriptor
 .text.usart_sync_is_rx_not_empty
                0x00000b84       0x28 hal/src/hal_usart_sync.o
                0x00000b84                usart_sync_is_rx_not_empty
 .text._usb_d_find_ep
                0x00000bac       0x44 hal/src/hal_usb_device.o
 .text.usb_d_dummy_cb_false
                0x00000bf0        0x4 hal/src/hal_usb_device.o
 .text.usb_d_cb_trans_more
                0x00000bf4       0x38 hal/src/hal_usb_device.o
 .text._usb_d_cb_trans_done
                0x00000c2c      0x160 hal/src/hal_usb_device.o
 .text.usb_d_cb_trans_setup
                0x00000d8c       0x90 hal/src/hal_usb_device.o
 .text.usb_d_init
                0x00000e1c       0x64 hal/src/hal_usb_device.o
                0x00000e1c                usb_d_init
 .text.usb_d_register_callback
                0x00000e80        0xc hal/src/hal_usb_device.o
                0x00000e80                usb_d_register_callback
 .text.usb_d_enable
                0x00000e8c        0xc hal/src/hal_usb_device.o
                0x00000e8c                usb_d_enable
 .text.usb_d_attach
                0x00000e98        0xc hal/src/hal_usb_device.o
                0x00000e98                usb_d_attach
 .text.usb_d_set_address
                0x00000ea4        0xc hal/src/hal_usb_device.o
                0x00000ea4                usb_d_set_address
 .text.usb_d_ep_init
                0x00000eb0       0x54 hal/src/hal_usb_device.o
                0x00000eb0                usb_d_ep_init
 .text.usb_d_ep0_init
                0x00000f04       0x14 hal/src/hal_usb_device.o
                0x00000f04                usb_d_ep0_init
 .text.usb_d_ep_deinit
                0x00000f18       0x2c hal/src/hal_usb_device.o
                0x00000f18                usb_d_ep_deinit
 .text.usb_d_ep_enable
                0x00000f44       0x4c hal/src/hal_usb_device.o
                0x00000f44                usb_d_ep_enable
 .text.usb_d_ep_transfer
                0x00000f90      0x128 hal/src/hal_usb_device.o
                0x00000f90                usb_d_ep_transfer
 .text.usb_d_ep_halt
                0x000010b8       0x68 hal/src/hal_usb_device.o
                0x000010b8                usb_d_ep_halt
 .text.usb_d_ep_register_callback
                0x00001120       0x50 hal/src/hal_usb_device.o
                0x00001120                usb_d_ep_register_callback
 .text.assert   0x00001170        0x8 hal/utils/src/utils_assert.o
                0x00001170                assert
 .text.is_list_element
                0x00001178       0x24 hal/utils/src/utils_list.o
                0x00001178                is_list_element
 .text.list_insert_as_head
                0x0000119c       0x2c hal/utils/src/utils_list.o
                0x0000119c                list_insert_as_head
 .text.list_insert_after
                0x000011c8        0x8 hal/utils/src/utils_list.o
                0x000011c8                list_insert_after
 .text.list_insert_at_end
                0x000011d0       0x40 hal/utils/src/utils_list.o
                0x000011d0                list_insert_at_end
 .text.list_remove_head
                0x00001210        0xe hal/utils/src/utils_list.o
                0x00001210                list_remove_head
 *fill*         0x0000121e        0x2 
 .text._sbrk    0x00001220       0x24 hal/utils/src/utils_syscalls.o
                0x00001220                _sbrk
 .text._adc_get_regs
                0x00001244        0x4 hpl/adc/hpl_adc.o
 .text._adc_init
                0x00001248      0x104 hpl/adc/hpl_adc.o
 .text._adc_sync_init
                0x0000134c       0x38 hpl/adc/hpl_adc.o
                0x0000134c                _adc_sync_init
 .text._adc_sync_enable_channel
                0x00001384        0xc hpl/adc/hpl_adc.o
                0x00001384                _adc_sync_enable_channel
 .text._adc_sync_get_data_size
                0x00001390       0x18 hpl/adc/hpl_adc.o
                0x00001390                _adc_sync_get_data_size
 .text._adc_sync_is_channel_conversion_done
                0x000013a8        0xa hpl/adc/hpl_adc.o
                0x000013a8                _adc_sync_is_channel_conversion_done
 .text._adc_sync_convert
                0x000013b2       0x12 hpl/adc/hpl_adc.o
                0x000013b2                _adc_sync_convert
 .text._adc_sync_read_channel_data
                0x000013c4        0xe hpl/adc/hpl_adc.o
                0x000013c4                _adc_sync_read_channel_data
 *fill*         0x000013d2        0x2 
 .text._get_cycles_for_ms
                0x000013d4        0xc hpl/core/hpl_core_m0plus_base.o
                0x000013d4                _get_cycles_for_ms
 .text._init_chip
                0x000013e0       0x34 hpl/core/hpl_init.o
                0x000013e0                _init_chip
 .text._crc_sync_init
                0x00001414        0x6 hpl/dsu/hpl_dsu.o
                0x00001414                _crc_sync_init
 *fill*         0x0000141a        0x2 
 .text._ext_irq_init
                0x0000141c       0x90 hpl/eic/hpl_eic.o
                0x0000141c                _ext_irq_init
 .text.EIC_Handler
                0x000014ac       0xc8 hpl/eic/hpl_eic.o
                0x000014ac                EIC_Handler
 .text._event_system_init
                0x00001574       0x3c hpl/evsys/hpl_evsys.o
                0x00001574                _event_system_init
 .text._gclk_init_generators_by_fref
                0x000015b0       0x5c hpl/gclk/hpl_gclk.o
                0x000015b0                _gclk_init_generators_by_fref
 .text._pm_init
                0x0000160c       0x20 hpl/pm/hpl_pm.o
                0x0000160c                _pm_init
 .text._timer_init
                0x0000162c       0x5c hpl/rtc/hpl_rtc.o
                0x0000162c                _timer_init
 .text._rtc_get_timer
                0x00001688        0x4 hpl/rtc/hpl_rtc.o
                0x00001688                _rtc_get_timer
 .text.RTC_Handler
                0x0000168c       0x24 hpl/rtc/hpl_rtc.o
                0x0000168c                RTC_Handler
 .text._usart_init
                0x000016b0       0x9c hpl/sercom/hpl_sercom.o
 .text._usart_sync_init
                0x0000174c       0x2c hpl/sercom/hpl_sercom.o
                0x0000174c                _usart_sync_init
 .text._usart_sync_enable
                0x00001778       0x14 hpl/sercom/hpl_sercom.o
                0x00001778                _usart_sync_enable
 .text._usart_sync_write_byte
                0x0000178c        0x8 hpl/sercom/hpl_sercom.o
                0x0000178c                _usart_sync_write_byte
 .text._usart_sync_read_byte
                0x00001794        0x8 hpl/sercom/hpl_sercom.o
                0x00001794                _usart_sync_read_byte
 .text._usart_sync_is_ready_to_send
                0x0000179c        0xa hpl/sercom/hpl_sercom.o
                0x0000179c                _usart_sync_is_ready_to_send
 .text._usart_sync_is_transmit_done
                0x000017a6        0xa hpl/sercom/hpl_sercom.o
                0x000017a6                _usart_sync_is_transmit_done
 .text._usart_sync_is_byte_received
                0x000017b0        0xa hpl/sercom/hpl_sercom.o
                0x000017b0                _usart_sync_is_byte_received
 *fill*         0x000017ba        0x2 
 .text._sysctrl_init_sources
                0x000017bc       0x2c hpl/sysctrl/hpl_sysctrl.o
                0x000017bc                _sysctrl_init_sources
 .text._sysctrl_init_referenced_generators
                0x000017e8       0x90 hpl/sysctrl/hpl_sysctrl.o
                0x000017e8                _sysctrl_init_referenced_generators
 .text._delay_init
                0x00001878       0x14 hpl/systick/hpl_systick.o
                0x00001878                _delay_init
 .text._delay_cycles
                0x0000188c       0x54 hpl/systick/hpl_systick.o
                0x0000188c                _delay_cycles
 .text.get_tc_index
                0x000018e0       0x3c hpl/tc/hpl_tc.o
 .text._pwm_init
                0x0000191c       0xe4 hpl/tc/hpl_tc.o
                0x0000191c                _pwm_init
 .text._tc_get_pwm
                0x00001a00        0x4 hpl/tc/hpl_tc.o
                0x00001a00                _tc_get_pwm
 .text.TC3_Handler
                0x00001a04       0x38 hpl/tc/hpl_tc.o
                0x00001a04                TC3_Handler
 .text._dummy_func_no_return
                0x00001a3c        0x4 hpl/usb/hpl_usb.o
 .text._usb_d_dev_handle_setup
                0x00001a40       0x8c hpl/usb/hpl_usb.o
 .text._usb_d_dev_handle_stall
                0x00001acc       0x30 hpl/usb/hpl_usb.o
 .text._usb_d_dev_trans_done
                0x00001afc       0x28 hpl/usb/hpl_usb.o
 .text._usb_d_dev_trans_stop
                0x00001b24       0x6c hpl/usb/hpl_usb.o
 .text._usb_d_dev_handle_trfail
                0x00001b90      0x100 hpl/usb/hpl_usb.o
 .text._usb_d_dev_reset_epts
                0x00001c90       0x44 hpl/usb/hpl_usb.o
 .text._usb_d_dev_in_next
                0x00001cd4      0x1a8 hpl/usb/hpl_usb.o
 .text._usb_d_dev_out_next
                0x00001e7c      0x234 hpl/usb/hpl_usb.o
 .text._usb_d_dev_init
                0x000020b0       0xdc hpl/usb/hpl_usb.o
                0x000020b0                _usb_d_dev_init
 .text._usb_d_dev_enable
                0x0000218c       0x50 hpl/usb/hpl_usb.o
                0x0000218c                _usb_d_dev_enable
 .text._usb_d_dev_attach
                0x000021dc       0x10 hpl/usb/hpl_usb.o
                0x000021dc                _usb_d_dev_attach
 .text._usb_d_dev_set_address
                0x000021ec       0x10 hpl/usb/hpl_usb.o
                0x000021ec                _usb_d_dev_set_address
 .text._usb_d_dev_ep_init
                0x000021fc      0x12c hpl/usb/hpl_usb.o
                0x000021fc                _usb_d_dev_ep_init
 .text._usb_d_dev_ep_deinit
                0x00002328       0xcc hpl/usb/hpl_usb.o
                0x00002328                _usb_d_dev_ep_deinit
 .text._usb_d_dev_ep_enable
                0x000023f4      0x2dc hpl/usb/hpl_usb.o
                0x000023f4                _usb_d_dev_ep_enable
 .text._usb_d_dev_ep_stall
                0x000026d0      0x164 hpl/usb/hpl_usb.o
                0x000026d0                _usb_d_dev_ep_stall
 .text._usb_d_dev_ep_read_req
                0x00002834       0x70 hpl/usb/hpl_usb.o
                0x00002834                _usb_d_dev_ep_read_req
 .text._usb_d_dev_ep_trans
                0x000028a4      0x214 hpl/usb/hpl_usb.o
                0x000028a4                _usb_d_dev_ep_trans
 .text._usb_d_dev_register_callback
                0x00002ab8       0x24 hpl/usb/hpl_usb.o
                0x00002ab8                _usb_d_dev_register_callback
 .text._usb_d_dev_register_ep_callback
                0x00002adc       0x30 hpl/usb/hpl_usb.o
                0x00002adc                _usb_d_dev_register_ep_callback
 .text.USB_Handler
                0x00002b0c      0x23c hpl/usb/hpl_usb.o
                0x00002b0c                USB_Handler
 .text.main     0x00002d48      0x15c main.o
                0x00002d48                main
 .text.cdcdf_acm_req
                0x00002ea4      0x11c usb/class/cdc/device/cdcdf_acm.o
 .text.cdcdf_acm_ctrl
                0x00002fc0      0x17c usb/class/cdc/device/cdcdf_acm.o
 .text.cdcdf_acm_init
                0x0000313c       0x44 usb/class/cdc/device/cdcdf_acm.o
                0x0000313c                cdcdf_acm_init
 .text.cdcdf_acm_write
                0x00003180       0x2c usb/class/cdc/device/cdcdf_acm.o
                0x00003180                cdcdf_acm_write
 .text.usbdc_unconfig
                0x000031ac       0x20 usb/device/usbdc.o
 .text.usbdc_change_notify
                0x000031cc       0x28 usb/device/usbdc.o
 .text.usbdc_request_handler
                0x000031f4       0x44 usb/device/usbdc.o
 .text.usbd_sof_cb
                0x00003238       0x20 usb/device/usbdc.o
 .text.usbdc_cb_ctl_done
                0x00003258       0x7c usb/device/usbdc.o
 .text.usbdc_reset
                0x000032d4       0x58 usb/device/usbdc.o
                0x000032d4                usbdc_reset
 .text.usbd_event_cb
                0x0000332c       0x24 usb/device/usbdc.o
 .text.usbdc_xfer
                0x00003350       0x1c usb/device/usbdc.o
                0x00003350                usbdc_xfer
 .text.usbdc_cb_ctl_req
                0x0000336c      0x440 usb/device/usbdc.o
 .text.usbdc_register_handler
                0x000037ac       0x38 usb/device/usbdc.o
                0x000037ac                usbdc_register_handler
 .text.usbdc_init
                0x000037e4       0x60 usb/device/usbdc.o
                0x000037e4                usbdc_init
 .text.usbdc_register_function
                0x00003844       0x18 usb/device/usbdc.o
                0x00003844                usbdc_register_function
 .text.usbdc_start
                0x0000385c       0x38 usb/device/usbdc.o
                0x0000385c                usbdc_start
 .text.usbdc_attach
                0x00003894        0xc usb/device/usbdc.o
                0x00003894                usbdc_attach
 .text.usbdc_get_ctrl_buffer
                0x000038a0        0xc usb/device/usbdc.o
                0x000038a0                usbdc_get_ctrl_buffer
 .text.usbdc_get_state
                0x000038ac       0x10 usb/device/usbdc.o
                0x000038ac                usbdc_get_state
 .text.usb_find_desc
                0x000038bc       0x36 usb/usb_protocol.o
                0x000038bc                usb_find_desc
 .text.usb_find_ep_desc
                0x000038f2       0x44 usb/usb_protocol.o
                0x000038f2                usb_find_ep_desc
 *fill*         0x00003936        0x2 
 .text.usb_find_cfg_desc
                0x00003938       0x68 usb/usb_protocol.o
                0x00003938                usb_find_cfg_desc
 .text.usb_find_str_desc
                0x000039a0       0x3c usb/usb_protocol.o
                0x000039a0                usb_find_str_desc
 .text.cdc_device_acm_init
                0x000039dc       0x34 usb_start.o
                0x000039dc                cdc_device_acm_init
 .text.usb_init
                0x00003a10        0xc usb_start.o
                0x00003a10                usb_init
 .text          0x00003a1c      0x114 c:/program files (x86)/atmel/studio/7.0/toolchain/arm/arm-gnu-toolchain/bin/../lib/gcc/arm-none-eabi/6.3.1/thumb/v6-m\libgcc.a(_udivsi3.o)
                0x00003a1c                __aeabi_uidiv
                0x00003a1c                __udivsi3
                0x00003b28                __aeabi_uidivmod
 .text          0x00003b30      0x1d4 c:/program files (x86)/atmel/studio/7.0/toolchain/arm/arm-gnu-toolchain/bin/../lib/gcc/arm-none-eabi/6.3.1/thumb/v6-m\libgcc.a(_divsi3.o)
                0x00003b30                __divsi3
                0x00003b30                __aeabi_idiv
                0x00003cfc                __aeabi_idivmod
 .text          0x00003d04        0x4 c:/program files (x86)/atmel/studio/7.0/toolchain/arm/arm-gnu-toolchain/bin/../lib/gcc/arm-none-eabi/6.3.1/thumb/v6-m\libgcc.a(_dvmd_tls.o)
                0x00003d04                __aeabi_idiv0
                0x00003d04                __aeabi_ldiv0
 .text          0x00003d08       0x14 c:/program files (x86)/atmel/studio/7.0/toolchain/arm/arm-gnu-toolchain/bin/../lib/gcc/arm-none-eabi/6.3.1/thumb/v6-m\libgcc.a(_ffssi2.o)
                0x00003d08                __ffssi2
 .text          0x00003d1c       0x40 c:/program files (x86)/atmel/studio/7.0/toolchain/arm/arm-gnu-toolchain/bin/../lib/gcc/arm-none-eabi/6.3.1/thumb/v6-m\libgcc.a(_ctzsi2.o)
                0x00003d1c                __ctzsi2
 .text.__libc_init_array
                0x00003d5c       0x48 c:/program files (x86)/atmel/studio/7.0/toolchain/arm/arm-gnu-toolchain/bin/../lib/gcc/arm-none-eabi/6.3.1/../../../../arm-none-eabi/lib/thumb/v6-m\libc_nano.a(lib_a-init.o)
                0x00003d5c                __libc_init_array
 .text.memcpy   0x00003da4       0x12 c:/program files (x86)/atmel/studio/7.0/toolchain/arm/arm-gnu-toolchain/bin/../lib/gcc/arm-none-eabi/6.3.1/../../../../arm-none-eabi/lib/thumb/v6-m\libc_nano.a(lib_a-memcpy-stub.o)
                0x00003da4                memcpy
 .text.memset   0x00003db6       0x10 c:/program files (x86)/atmel/studio/7.0/toolchain/arm/arm-gnu-toolchain/bin/../lib/gcc/arm-none-eabi/6.3.1/../../../../arm-none-eabi/lib/thumb/v6-m\libc_nano.a(lib_a-memset.o)
                0x00003db6                memset
 *fill*         0x00003dc6        0x2 
 .text.sprintf  0x00003dc8       0x44 c:/program files (x86)/atmel/studio/7.0/toolchain/arm/arm-gnu-toolchain/bin/../lib/gcc/arm-none-eabi/6.3.1/../../../../arm-none-eabi/lib/thumb/v6-m\libc_nano.a(lib_a-sprintf.o)
                0x00003dc8                siprintf
                0x00003dc8                sprintf
 .text._malloc_r
                0x00003e0c       0xbc c:/program files (x86)/atmel/studio/7.0/toolchain/arm/arm-gnu-toolchain/bin/../lib/gcc/arm-none-eabi/6.3.1/../../../../arm-none-eabi/lib/thumb/v6-m\libc_nano.a(lib_a-nano-mallocr.o)
                0x00003e0c                _malloc_r
 .text.__ssputs_r
                0x00003ec8       0xc4 c:/program files (x86)/atmel/studio/7.0/toolchain/arm/arm-gnu-toolchain/bin/../lib/gcc/arm-none-eabi/6.3.1/../../../../arm-none-eabi/lib/thumb/v6-m\libc_nano.a(lib_a-nano-svfprintf.o)
                0x00003ec8                __ssputs_r
 .text._svfprintf_r
                0x00003f8c      0x208 c:/program files (x86)/atmel/studio/7.0/toolchain/arm/arm-gnu-toolchain/bin/../lib/gcc/arm-none-eabi/6.3.1/../../../../arm-none-eabi/lib/thumb/v6-m\libc_nano.a(lib_a-nano-svfprintf.o)
                0x00003f8c                _svfiprintf_r
                0x00003f8c                _svfprintf_r
 .text._printf_common
                0x00004194       0xda c:/program files (x86)/atmel/studio/7.0/toolchain/arm/arm-gnu-toolchain/bin/../lib/gcc/arm-none-eabi/6.3.1/../../../../arm-none-eabi/lib/thumb/v6-m\libc_nano.a(lib_a-nano-vfprintf_i.o)
                0x00004194                _printf_common
 *fill*         0x0000426e        0x2 
 .text._printf_i
                0x00004270      0x234 c:/program files (x86)/atmel/studio/7.0/toolchain/arm/arm-gnu-toolchain/bin/../lib/gcc/arm-none-eabi/6.3.1/../../../../arm-none-eabi/lib/thumb/v6-m\libc_nano.a(lib_a-nano-vfprintf_i.o)
                0x00004270                _printf_i
 .text._sbrk_r  0x000044a4       0x24 c:/program files (x86)/atmel/studio/7.0/toolchain/arm/arm-gnu-toolchain/bin/../lib/gcc/arm-none-eabi/6.3.1/../../../../arm-none-eabi/lib/thumb/v6-m\libc_nano.a(lib_a-sbrkr.o)
                0x000044a4                _sbrk_r
 .text.memchr   0x000044c8       0x16 c:/program files (x86)/atmel/studio/7.0/toolchain/arm/arm-gnu-toolchain/bin/../lib/gcc/arm-none-eabi/6.3.1/../../../../arm-none-eabi/lib/thumb/v6-m\libc_nano.a(lib_a-memchr-stub.o)
                0x000044c8                memchr
 .text.memmove  0x000044de       0x24 c:/program files (x86)/atmel/studio/7.0/toolchain/arm/arm-gnu-toolchain/bin/../lib/gcc/arm-none-eabi/6.3.1/../../../../arm-none-eabi/lib/thumb/v6-m\libc_nano.a(lib_a-memmove.o)
                0x000044de                memmove
 .text.__malloc_lock
                0x00004502        0x2 c:/program files (x86)/atmel/studio/7.0/toolchain/arm/arm-gnu-toolchain/bin/../lib/gcc/arm-none-eabi/6.3.1/../../../../arm-none-eabi/lib/thumb/v6-m\libc_nano.a(lib_a-mlock.o)
                0x00004502                __malloc_lock
 .text.__malloc_unlock
                0x00004504        0x2 c:/program files (x86)/atmel/studio/7.0/toolchain/arm/arm-gnu-toolchain/bin/../lib/gcc/arm-none-eabi/6.3.1/../../../../arm-none-eabi/lib/thumb/v6-m\libc_nano.a(lib_a-mlock.o)
                0x00004504                __malloc_unlock
 *fill*         0x00004506        0x2 
 .text._free_r  0x00004508       0x94 c:/program files (x86)/atmel/studio/7.0/toolchain/arm/arm-gnu-toolchain/bin/../lib/gcc/arm-none-eabi/6.3.1/../../../../arm-none-eabi/lib/thumb/v6-m\libc_nano.a(lib_a-nano-freer.o)
                0x00004508                _free_r
 .text._realloc_r
                0x0000459c       0x4c c:/program files (x86)/atmel/studio/7.0/toolchain/arm/arm-gnu-toolchain/bin/../lib/gcc/arm-none-eabi/6.3.1/../../../../arm-none-eabi/lib/thumb/v6-m\libc_nano.a(lib_a-nano-reallocr.o)
                0x0000459c                _realloc_r
 .text._malloc_usable_size_r
                0x000045e8       0x10 c:/program files (x86)/atmel/studio/7.0/toolchain/arm/arm-gnu-toolchain/bin/../lib/gcc/arm-none-eabi/6.3.1/../../../../arm-none-eabi/lib/thumb/v6-m\libc_nano.a(lib_a-nano-msizer.o)
                0x000045e8                _malloc_usable_size_r
 *(.glue_7t)
 .glue_7t       0x000045f8        0x0 linker stubs
 *(.glue_7)
 .glue_7        0x000045f8        0x0 linker stubs
 *(.rodata .rodata* .gnu.linkonce.r.*)
 .rodata.str1.4
                0x000045f8       0x1a hal/src/hal_adc_sync.o
 *fill*         0x00004612        0x2 
 .rodata.str1.4
                0x00004614       0x1a hal/src/hal_crc_sync.o
 *fill*         0x0000462e        0x2 
 .rodata.str1.4
                0x00004630       0x14 hal/src/hal_io.o
 .rodata.str1.4
                0x00004644       0x15 hal/src/hal_pwm.o
 *fill*         0x00004659        0x3 
 .rodata.str1.4
                0x0000465c       0x17 hal/src/hal_timer.o
 *fill*         0x00004673        0x1 
 .rodata.str1.4
                0x00004674       0x1c hal/src/hal_usart_sync.o
 .rodata.str1.4
                0x00004690       0x1e hal/utils/src/utils_list.o
 *fill*         0x000046ae        0x2 
 .rodata        0x000046b0       0x1c hpl/adc/hpl_adc.o
 .rodata.str1.4
                0x000046cc       0x15 hpl/adc/hpl_adc.o
 *fill*         0x000046e1        0x3 
 .rodata        0x000046e4        0x8 hpl/eic/hpl_eic.o
 .rodata.str1.4
                0x000046ec       0x15 hpl/eic/hpl_eic.o
 *fill*         0x00004701        0x3 
 .rodata        0x00004704       0x6c hpl/evsys/hpl_evsys.o
 .rodata.str1.4
                0x00004770       0x15 hpl/rtc/hpl_rtc.o
 *fill*         0x00004785        0x3 
 .rodata.str1.4
                0x00004788       0x1b hpl/sercom/hpl_sercom.o
 *fill*         0x000047a3        0x1 
 .rodata.str1.4
                0x000047a4       0x13 hpl/tc/hpl_tc.o
 *fill*         0x000047b7        0x1 
 .rodata.cst2   0x000047b8        0x2 hpl/usb/hpl_usb.o
 *fill*         0x000047ba        0x2 
 .rodata        0x000047bc       0x24 hpl/usb/hpl_usb.o
 .rodata.str1.4
                0x000047e0       0x2b main.o
 *fill*         0x0000480b        0x1 
 .rodata        0x0000480c       0x30 usb/device/usbdc.o
 .rodata.str1.4
                0x0000483c       0x18 usb/device/usbdc.o
                                 0x16 (size before relaxing)
 .rodata.__sf_fake_stderr
                0x00004854       0x20 c:/program files (x86)/atmel/studio/7.0/toolchain/arm/arm-gnu-toolchain/bin/../lib/gcc/arm-none-eabi/6.3.1/../../../../arm-none-eabi/lib/thumb/v6-m\libc_nano.a(lib_a-findfp.o)
                0x00004854                __sf_fake_stderr
 .rodata.__sf_fake_stdin
                0x00004874       0x20 c:/program files (x86)/atmel/studio/7.0/toolchain/arm/arm-gnu-toolchain/bin/../lib/gcc/arm-none-eabi/6.3.1/../../../../arm-none-eabi/lib/thumb/v6-m\libc_nano.a(lib_a-findfp.o)
                0x00004874                __sf_fake_stdin
 .rodata.__sf_fake_stdout
                0x00004894       0x20 c:/program files (x86)/atmel/studio/7.0/toolchain/arm/arm-gnu-toolchain/bin/../lib/gcc/arm-none-eabi/6.3.1/../../../../arm-none-eabi/lib/thumb/v6-m\libc_nano.a(lib_a-findfp.o)
                0x00004894                __sf_fake_stdout
 .rodata._svfprintf_r.str1.1
                0x000048b4       0x11 c:/program files (x86)/atmel/studio/7.0/toolchain/arm/arm-gnu-toolchain/bin/../lib/gcc/arm-none-eabi/6.3.1/../../../../arm-none-eabi/lib/thumb/v6-m\libc_nano.a(lib_a-nano-svfprintf.o)
 .rodata._printf_i.str1.1
                0x000048c5       0x22 c:/program files (x86)/atmel/studio/7.0/toolchain/arm/arm-gnu-toolchain/bin/../lib/gcc/arm-none-eabi/6.3.1/../../../../arm-none-eabi/lib/thumb/v6-m\libc_nano.a(lib_a-nano-vfprintf_i.o)
 *(.ARM.extab* .gnu.linkonce.armextab.*)
                0x000048e8                . = ALIGN (0x4)
 *fill*         0x000048e7        0x1 
 *(.init)
 .init          0x000048e8        0x4 c:/program files (x86)/atmel/studio/7.0/toolchain/arm/arm-gnu-toolchain/bin/../lib/gcc/arm-none-eabi/6.3.1/thumb/v6-m/crti.o
                0x000048e8                _init
 .init          0x000048ec        0x8 c:/program files (x86)/atmel/studio/7.0/toolchain/arm/arm-gnu-toolchain/bin/../lib/gcc/arm-none-eabi/6.3.1/thumb/v6-m/crtn.o
                0x000048f4                . = ALIGN (0x4)
                0x000048f4                __preinit_array_start = .
 *(.preinit_array)
                0x000048f4                __preinit_array_end = .
                0x000048f4                . = ALIGN (0x4)
                0x000048f4                __init_array_start = .
 *(SORT(.init_array.*))
 *(.init_array)
 .init_array    0x000048f4        0x4 c:/program files (x86)/atmel/studio/7.0/toolchain/arm/arm-gnu-toolchain/bin/../lib/gcc/arm-none-eabi/6.3.1/thumb/v6-m/crtbegin.o
                0x000048f8                __init_array_end = .
                0x000048f8                . = ALIGN (0x4)
 *crtbegin.o(.ctors)
 *(EXCLUDE_FILE(*crtend.o) .ctors)
 *(SORT(.ctors.*))
 *crtend.o(.ctors)
                0x000048f8                . = ALIGN (0x4)
 *(.fini)
 .fini          0x000048f8        0x4 c:/program files (x86)/atmel/studio/7.0/toolchain/arm/arm-gnu-toolchain/bin/../lib/gcc/arm-none-eabi/6.3.1/thumb/v6-m/crti.o
                0x000048f8                _fini
 .fini          0x000048fc        0x8 c:/program files (x86)/atmel/studio/7.0/toolchain/arm/arm-gnu-toolchain/bin/../lib/gcc/arm-none-eabi/6.3.1/thumb/v6-m/crtn.o
                0x00004904                . = ALIGN (0x4)
                0x00004904                __fini_array_start = .
 *(.fini_array)
 .fini_array    0x00004904        0x4 c:/program files (x86)/atmel/studio/7.0/toolchain/arm/arm-gnu-toolchain/bin/../lib/gcc/arm-none-eabi/6.3.1/thumb/v6-m/crtbegin.o
 *(SORT(.fini_array.*))
                0x00004908                __fini_array_end = .
 *crtbegin.o(.dtors)
 *(EXCLUDE_FILE(*crtend.o) .dtors)
 *(SORT(.dtors.*))
 *crtend.o(.dtors)
                0x00004908                . = ALIGN (0x4)
                0x00004908                _efixed = .
                [!provide]                PROVIDE (__exidx_start, .)

.vfp11_veneer   0x00004908        0x0
 .vfp11_veneer  0x00004908        0x0 linker stubs

.v4_bx          0x00004908        0x0
 .v4_bx         0x00004908        0x0 linker stubs

.iplt           0x00004908        0x0
 .iplt          0x00004908        0x0 c:/program files (x86)/atmel/studio/7.0/toolchain/arm/arm-gnu-toolchain/bin/../lib/gcc/arm-none-eabi/6.3.1/thumb/v6-m/crtbegin.o

.eh_frame       0x00004908        0x0
 .eh_frame      0x00004908        0x0 c:/program files (x86)/atmel/studio/7.0/toolchain/arm/arm-gnu-toolchain/bin/../lib/gcc/arm-none-eabi/6.3.1/thumb/v6-m/crtbegin.o

.rel.dyn        0x00004908        0x0
 .rel.iplt      0x00004908        0x0 c:/program files (x86)/atmel/studio/7.0/toolchain/arm/arm-gnu-toolchain/bin/../lib/gcc/arm-none-eabi/6.3.1/thumb/v6-m/crtbegin.o

.jcr            0x00004908        0x0
 .jcr           0x00004908        0x0 c:/program files (x86)/atmel/studio/7.0/toolchain/arm/arm-gnu-toolchain/bin/../lib/gcc/arm-none-eabi/6.3.1/thumb/v6-m/crtbegin.o

.igot.plt       0x00004908        0x0
 .igot.plt      0x00004908        0x0 c:/program files (x86)/atmel/studio/7.0/toolchain/arm/arm-gnu-toolchain/bin/../lib/gcc/arm-none-eabi/6.3.1/thumb/v6-m/crtbegin.o

.ARM.exidx
 *(.ARM.exidx* .gnu.linkonce.armexidx.*)
                [!provide]                PROVIDE (__exidx_end, .)
                0x00004908                . = ALIGN (0x4)
                0x00004908                _etext = .

.relocate       0x20000000       0xe0 load address 0x00004908
                0x20000000                . = ALIGN (0x4)
                0x20000000                _srelocate = .
 *(.ramfunc .ramfunc.*)
 *(.data .data.*)
 .data          0x20000000       0x14 hpl/tc/hpl_tc.o
 .data          0x20000014        0x8 usb/class/cdc/device/cdcdf_acm.o
 .data          0x2000001c       0x5d usb_start.o
 *fill*         0x20000079        0x3 
 .data._impure_ptr
                0x2000007c        0x4 c:/program files (x86)/atmel/studio/7.0/toolchain/arm/arm-gnu-toolchain/bin/../lib/gcc/arm-none-eabi/6.3.1/../../../../arm-none-eabi/lib/thumb/v6-m\libc_nano.a(lib_a-impure.o)
                0x2000007c                _impure_ptr
 .data.impure_data
                0x20000080       0x60 c:/program files (x86)/atmel/studio/7.0/toolchain/arm/arm-gnu-toolchain/bin/../lib/gcc/arm-none-eabi/6.3.1/../../../../arm-none-eabi/lib/thumb/v6-m\libc_nano.a(lib_a-impure.o)
                0x200000e0                . = ALIGN (0x4)
                0x200000e0                _erelocate = .

.bss            0x200000e0      0x3bc load address 0x000049e8
                0x200000e0                . = ALIGN (0x4)
                0x200000e0                _sbss = .
                0x200000e0                _szero = .
 *(.bss .bss.*)
 .bss           0x200000e0       0x1c c:/program files (x86)/atmel/studio/7.0/toolchain/arm/arm-gnu-toolchain/bin/../lib/gcc/arm-none-eabi/6.3.1/thumb/v6-m/crtbegin.o
 .bss           0x200000fc        0x4 hal/src/hal_delay.o
 .bss           0x20000100        0x8 hal/src/hal_ext_irq.o
 .bss           0x20000108       0x80 hal/src/hal_usb_device.o
 .bss           0x20000188        0x4 hal/utils/src/utils_syscalls.o
 .bss           0x2000018c        0x4 hpl/eic/hpl_eic.o
 .bss           0x20000190        0x4 hpl/rtc/hpl_rtc.o
 .bss           0x20000194        0x4 hpl/tc/hpl_tc.o
 .bss           0x20000198      0x1e8 hpl/usb/hpl_usb.o
 .bss           0x20000380       0x24 usb/class/cdc/device/cdcdf_acm.o
 .bss           0x200003a4       0x20 usb/device/usbdc.o
 .bss           0x200003c4       0x80 usb_start.o
 .bss.__malloc_free_list
                0x20000444        0x4 c:/program files (x86)/atmel/studio/7.0/toolchain/arm/arm-gnu-toolchain/bin/../lib/gcc/arm-none-eabi/6.3.1/../../../../arm-none-eabi/lib/thumb/v6-m\libc_nano.a(lib_a-nano-mallocr.o)
                0x20000444                __malloc_free_list
 .bss.__malloc_sbrk_start
                0x20000448        0x4 c:/program files (x86)/atmel/studio/7.0/toolchain/arm/arm-gnu-toolchain/bin/../lib/gcc/arm-none-eabi/6.3.1/../../../../arm-none-eabi/lib/thumb/v6-m\libc_nano.a(lib_a-nano-mallocr.o)
                0x20000448                __malloc_sbrk_start
 *(COMMON)
 COMMON         0x2000044c       0x4c driver_init.o
                0x2000044c                PWM_0
                0x20000468                CRC_0
                0x2000046c                ADC_0
                0x20000470                USART_0
                0x2000047c                TIMER_0
 COMMON         0x20000498        0x4 c:/program files (x86)/atmel/studio/7.0/toolchain/arm/arm-gnu-toolchain/bin/../lib/gcc/arm-none-eabi/6.3.1/../../../../arm-none-eabi/lib/thumb/v6-m\libc_nano.a(lib_a-reent.o)
                0x20000498                errno
                0x2000049c                . = ALIGN (0x4)
                0x2000049c                _ebss = .
                0x2000049c                _ezero = .

.stack          0x2000049c     0x2004 load address 0x00004da4
                0x200004a0                . = ALIGN (0x8)
 *fill*         0x2000049c        0x4 
                0x200004a0                _sstack = .
                0x200024a0                . = (. + STACK_SIZE)
 *fill*         0x200004a0     0x2000 
                0x200024a0                . = ALIGN (0x8)
                0x200024a0                _estack = .
                0x200024a0                . = ALIGN (0x4)
                0x200024a0                _end = .
OUTPUT(SAMD21-AFE(18).elf elf32-littlearm)

.ARM.attributes
                0x00000000       0x28
 .ARM.attributes
                0x00000000       0x1e c:/program files (x86)/atmel/studio/7.0/toolchain/arm/arm-gnu-toolchain/bin/../lib/gcc/arm-none-eabi/6.3.1/thumb/v6-m/crti.o
 .ARM.attributes
                0x0000001e       0x2c c:/program files (x86)/atmel/studio/7.0/toolchain/arm/arm-gnu-toolchain/bin/../lib/gcc/arm-none-eabi/6.3.1/thumb/v6-m/crtbegin.o
 .ARM.attributes
                0x0000004a       0x32 atmel_start.o
 .ARM.attributes
                0x0000007c       0x32 Device_Startup/startup_samd21.o
 .ARM.attributes
                0x000000ae       0x32 driver_init.o
 .ARM.attributes
                0x000000e0       0x32 hal/src/hal_adc_sync.o
 .ARM.attributes
                0x00000112       0x32 hal/src/hal_atomic.o
 .ARM.attributes
                0x00000144       0x32 hal/src/hal_crc_sync.o
 .ARM.attributes
                0x00000176       0x32 hal/src/hal_delay.o
 .ARM.attributes
                0x000001a8       0x32 hal/src/hal_evsys.o
 .ARM.attributes
                0x000001da       0x32 hal/src/hal_ext_irq.o
 .ARM.attributes
                0x0000020c       0x32 hal/src/hal_io.o
 .ARM.attributes
                0x0000023e       0x32 hal/src/hal_pwm.o
 .ARM.attributes
                0x00000270       0x32 hal/src/hal_timer.o
 .ARM.attributes
                0x000002a2       0x32 hal/src/hal_usart_sync.o
 .ARM.attributes
                0x000002d4       0x32 hal/src/hal_usb_device.o
 .ARM.attributes
                0x00000306       0x32 hal/utils/src/utils_assert.o
 .ARM.attributes
                0x00000338       0x32 hal/utils/src/utils_list.o
 .ARM.attributes
                0x0000036a       0x32 hal/utils/src/utils_syscalls.o
 .ARM.attributes
                0x0000039c       0x32 hpl/adc/hpl_adc.o
 .ARM.attributes
                0x000003ce       0x32 hpl/core/hpl_core_m0plus_base.o
 .ARM.attributes
                0x00000400       0x32 hpl/core/hpl_init.o
 .ARM.attributes
                0x00000432       0x32 hpl/dsu/hpl_dsu.o
 .ARM.attributes
                0x00000464       0x32 hpl/eic/hpl_eic.o
 .ARM.attributes
                0x00000496       0x32 hpl/evsys/hpl_evsys.o
 .ARM.attributes
                0x000004c8       0x32 hpl/gclk/hpl_gclk.o
 .ARM.attributes
                0x000004fa       0x32 hpl/pm/hpl_pm.o
 .ARM.attributes
                0x0000052c       0x32 hpl/rtc/hpl_rtc.o
 .ARM.attributes
                0x0000055e       0x32 hpl/sercom/hpl_sercom.o
 .ARM.attributes
                0x00000590       0x32 hpl/sysctrl/hpl_sysctrl.o
 .ARM.attributes
                0x000005c2       0x32 hpl/systick/hpl_systick.o
 .ARM.attributes
                0x000005f4       0x32 hpl/tc/hpl_tc.o
 .ARM.attributes
                0x00000626       0x32 hpl/usb/hpl_usb.o
 .ARM.attributes
                0x00000658       0x32 main.o
 .ARM.attributes
                0x0000068a       0x32 usb/class/cdc/device/cdcdf_acm.o
 .ARM.attributes
                0x000006bc       0x32 usb/device/usbdc.o
 .ARM.attributes
                0x000006ee       0x32 usb/usb_protocol.o
 .ARM.attributes
                0x00000720       0x32 usb_start.o
 .ARM.attributes
                0x00000752       0x1e c:/program files (x86)/atmel/studio/7.0/toolchain/arm/arm-gnu-toolchain/bin/../lib/gcc/arm-none-eabi/6.3.1/thumb/v6-m\libgcc.a(_udivsi3.o)
 .ARM.attributes
                0x00000770       0x1e c:/program files (x86)/atmel/studio/7.0/toolchain/arm/arm-gnu-toolchain/bin/../lib/gcc/arm-none-eabi/6.3.1/thumb/v6-m\libgcc.a(_divsi3.o)
 .ARM.attributes
                0x0000078e       0x1e c:/program files (x86)/atmel/studio/7.0/toolchain/arm/arm-gnu-toolchain/bin/../lib/gcc/arm-none-eabi/6.3.1/thumb/v6-m\libgcc.a(_dvmd_tls.o)
 .ARM.attributes
                0x000007ac       0x2c c:/program files (x86)/atmel/studio/7.0/toolchain/arm/arm-gnu-toolchain/bin/../lib/gcc/arm-none-eabi/6.3.1/thumb/v6-m\libgcc.a(_ffssi2.o)
 .ARM.attributes
                0x000007d8       0x1e c:/program files (x86)/atmel/studio/7.0/toolchain/arm/arm-gnu-toolchain/bin/../lib/gcc/arm-none-eabi/6.3.1/thumb/v6-m\libgcc.a(_ctzsi2.o)
 .ARM.attributes
                0x000007f6       0x2c c:/program files (x86)/atmel/studio/7.0/toolchain/arm/arm-gnu-toolchain/bin/../lib/gcc/arm-none-eabi/6.3.1/../../../../arm-none-eabi/lib/thumb/v6-m\libc_nano.a(lib_a-impure.o)
 .ARM.attributes
                0x00000822       0x2c c:/program files (x86)/atmel/studio/7.0/toolchain/arm/arm-gnu-toolchain/bin/../lib/gcc/arm-none-eabi/6.3.1/../../../../arm-none-eabi/lib/thumb/v6-m\libc_nano.a(lib_a-init.o)
 .ARM.attributes
                0x0000084e       0x2c c:/program files (x86)/atmel/studio/7.0/toolchain/arm/arm-gnu-toolchain/bin/../lib/gcc/arm-none-eabi/6.3.1/../../../../arm-none-eabi/lib/thumb/v6-m\libc_nano.a(lib_a-memcpy-stub.o)
 .ARM.attributes
                0x0000087a       0x2c c:/program files (x86)/atmel/studio/7.0/toolchain/arm/arm-gnu-toolchain/bin/../lib/gcc/arm-none-eabi/6.3.1/../../../../arm-none-eabi/lib/thumb/v6-m\libc_nano.a(lib_a-memset.o)
 .ARM.attributes
                0x000008a6       0x2c c:/program files (x86)/atmel/studio/7.0/toolchain/arm/arm-gnu-toolchain/bin/../lib/gcc/arm-none-eabi/6.3.1/../../../../arm-none-eabi/lib/thumb/v6-m\libc_nano.a(lib_a-sprintf.o)
 .ARM.attributes
                0x000008d2       0x2c c:/program files (x86)/atmel/studio/7.0/toolchain/arm/arm-gnu-toolchain/bin/../lib/gcc/arm-none-eabi/6.3.1/../../../../arm-none-eabi/lib/thumb/v6-m\libc_nano.a(lib_a-findfp.o)
 .ARM.attributes
                0x000008fe       0x2c c:/program files (x86)/atmel/studio/7.0/toolchain/arm/arm-gnu-toolchain/bin/../lib/gcc/arm-none-eabi/6.3.1/../../../../arm-none-eabi/lib/thumb/v6-m\libc_nano.a(lib_a-nano-mallocr.o)
 .ARM.attributes
                0x0000092a       0x2c c:/program files (x86)/atmel/studio/7.0/toolchain/arm/arm-gnu-toolchain/bin/../lib/gcc/arm-none-eabi/6.3.1/../../../../arm-none-eabi/lib/thumb/v6-m\libc_nano.a(lib_a-nano-svfprintf.o)
 .ARM.attributes
                0x00000956       0x2c c:/program files (x86)/atmel/studio/7.0/toolchain/arm/arm-gnu-toolchain/bin/../lib/gcc/arm-none-eabi/6.3.1/../../../../arm-none-eabi/lib/thumb/v6-m\libc_nano.a(lib_a-nano-vfprintf_i.o)
 .ARM.attributes
                0x00000982       0x2c c:/program files (x86)/atmel/studio/7.0/toolchain/arm/arm-gnu-toolchain/bin/../lib/gcc/arm-none-eabi/6.3.1/../../../../arm-none-eabi/lib/thumb/v6-m\libc_nano.a(lib_a-sbrkr.o)
 .ARM.attributes
                0x000009ae       0x2c c:/program files (x86)/atmel/studio/7.0/toolchain/arm/arm-gnu-toolchain/bin/../lib/gcc/arm-none-eabi/6.3.1/../../../../arm-none-eabi/lib/thumb/v6-m\libc_nano.a(lib_a-memchr-stub.o)
 .ARM.attributes
                0x000009da       0x2c c:/program files (x86)/atmel/studio/7.0/toolchain/arm/arm-gnu-toolchain/bin/../lib/gcc/arm-none-eabi/6.3.1/../../../../arm-none-eabi/lib/thumb/v6-m\libc_nano.a(lib_a-memmove.o)
 .ARM.attributes
                0x00000a06       0x2c c:/program files (x86)/atmel/studio/7.0/toolchain/arm/arm-gnu-toolchain/bin/../lib/gcc/arm-none-eabi/6.3.1/../../../../arm-none-eabi/lib/thumb/v6-m\libc_nano.a(lib_a-mlock.o)
 .ARM.attributes
                0x00000a32       0x2c c:/program files (x86)/atmel/studio/7.0/toolchain/arm/arm-gnu-toolchain/bin/../lib/gcc/arm-none-eabi/6.3.1/../../../../arm-none-eabi/lib/thumb/v6-m\libc_nano.a(lib_a-nano-freer.o)
 .ARM.attributes
                0x00000a5e       0x2c c:/program files (x86)/atmel/studio/7.0/toolchain/arm/arm-gnu-toolchain/bin/../lib/gcc/arm-none-eabi/6.3.1/../../../../arm-none-eabi/lib/thumb/v6-m\libc_nano.a(lib_a-nano-reallocr.o)
 .ARM.attributes
                0x00000a8a       0x2c c:/program files (x86)/atmel/studio/7.0/toolchain/arm/arm-gnu-toolchain/bin/../lib/gcc/arm-none-eabi/6.3.1/../../../../arm-none-eabi/lib/thumb/v6-m\libc_nano.a(lib_a-reent.o)
 .ARM.attributes
                0x00000ab6       0x2c c:/program files (x86)/atmel/studio/7.0/toolchain/arm/arm-gnu-toolchain/bin/../lib/gcc/arm-none-eabi/6.3.1/../../../../arm-none-eabi/lib/thumb/v6-m\libc_nano.a(lib_a-nano-msizer.o)
 .ARM.attributes
                0x00000ae2       0x1e c:/program files (x86)/atmel/studio/7.0/toolchain/arm/arm-gnu-toolchain/bin/../lib/gcc/arm-none-eabi/6.3.1/thumb/v6-m/crtn.o

.comment        0x00000000       0x59
 .comment       0x00000000       0x59 atmel_start.o
                                 0x5a (size before relaxing)
 .comment       0x00000059       0x5a Device_Startup/startup_samd21.o
 .comment       0x00000059       0x5a driver_init.o
 .comment       0x00000059       0x5a hal/src/hal_adc_sync.o
 .comment       0x00000059       0x5a hal/src/hal_atomic.o
 .comment       0x00000059       0x5a hal/src/hal_crc_sync.o
 .comment       0x00000059       0x5a hal/src/hal_delay.o
 .comment       0x00000059       0x5a hal/src/hal_evsys.o
 .comment       0x00000059       0x5a hal/src/hal_ext_irq.o
 .comment       0x00000059       0x5a hal/src/hal_io.o
 .comment       0x00000059       0x5a hal/src/hal_pwm.o
 .comment       0x00000059       0x5a hal/src/hal_timer.o
 .comment       0x00000059       0x5a hal/src/hal_usart_sync.o
 .comment       0x00000059       0x5a hal/src/hal_usb_device.o
 .comment       0x00000059       0x5a hal/utils/src/utils_assert.o
 .comment       0x00000059       0x5a hal/utils/src/utils_list.o
 .comment       0x00000059       0x5a hal/utils/src/utils_syscalls.o
 .comment       0x00000059       0x5a hpl/adc/hpl_adc.o
 .comment       0x00000059       0x5a hpl/core/hpl_core_m0plus_base.o
 .comment       0x00000059       0x5a hpl/core/hpl_init.o
 .comment       0x00000059       0x5a hpl/dsu/hpl_dsu.o
 .comment       0x00000059       0x5a hpl/eic/hpl_eic.o
 .comment       0x00000059       0x5a hpl/evsys/hpl_evsys.o
 .comment       0x00000059       0x5a hpl/gclk/hpl_gclk.o
 .comment       0x00000059       0x5a hpl/pm/hpl_pm.o
 .comment       0x00000059       0x5a hpl/rtc/hpl_rtc.o
 .comment       0x00000059       0x5a hpl/sercom/hpl_sercom.o
 .comment       0x00000059       0x5a hpl/sysctrl/hpl_sysctrl.o
 .comment       0x00000059       0x5a hpl/systick/hpl_systick.o
 .comment       0x00000059       0x5a hpl/tc/hpl_tc.o
 .comment       0x00000059       0x5a hpl/usb/hpl_usb.o
 .comment       0x00000059       0x5a main.o
 .comment       0x00000059       0x5a usb/class/cdc/device/cdcdf_acm.o
 .comment       0x00000059       0x5a usb/device/usbdc.o
 .comment       0x00000059       0x5a usb/usb_protocol.o
 .comment       0x00000059       0x5a usb_start.o

.debug_info     0x00000000    0x4166b
 .debug_info    0x00000000      0xde7 atmel_start.o
 .debug_info    0x00000de7     0x3a28 Device_Startup/startup_samd21.o
 .debug_info    0x0000480f     0xb819 driver_init.o
 .debug_info    0x00010028      0xb29 hal/src/hal_adc_sync.o
 .debug_info    0x00010b51      0x1d1 hal/src/hal_atomic.o
 .debug_info    0x00010d22      0x46e hal/src/hal_crc_sync.o
 .debug_info    0x00011190      0x1dc hal/src/hal_delay.o
 .debug_info    0x0001136c      0x29c hal/src/hal_evsys.o
 .debug_info    0x00011608      0x367 hal/src/hal_ext_irq.o
 .debug_info    0x0001196f      0x2b2 hal/src/hal_io.o
 .debug_info    0x00011c21      0x7ad hal/src/hal_pwm.o
 .debug_info    0x000123ce      0xbb7 hal/src/hal_timer.o
 .debug_info    0x00012f85      0xc56 hal/src/hal_usart_sync.o
 .debug_info    0x00013bdb     0x1e06 hal/src/hal_usb_device.o
 .debug_info    0x000159e1      0x107 hal/utils/src/utils_assert.o
 .debug_info    0x00015ae8      0x310 hal/utils/src/utils_list.o
 .debug_info    0x00015df8      0xdca hal/utils/src/utils_syscalls.o
 .debug_info    0x00016bc2     0x37b0 hpl/adc/hpl_adc.o
 .debug_info    0x0001a372      0x7e9 hpl/core/hpl_core_m0plus_base.o
 .debug_info    0x0001ab5b      0x68a hpl/core/hpl_init.o
 .debug_info    0x0001b1e5     0x106a hpl/dsu/hpl_dsu.o
 .debug_info    0x0001c24f     0x1f1d hpl/eic/hpl_eic.o
 .debug_info    0x0001e16c      0xf55 hpl/evsys/hpl_evsys.o
 .debug_info    0x0001f0c1      0x679 hpl/gclk/hpl_gclk.o
 .debug_info    0x0001f73a      0xc6d hpl/pm/hpl_pm.o
 .debug_info    0x000203a7     0x206f hpl/rtc/hpl_rtc.o
 .debug_info    0x00022416     0xb3a1 hpl/sercom/hpl_sercom.o
 .debug_info    0x0002d7b7     0x192f hpl/sysctrl/hpl_sysctrl.o
 .debug_info    0x0002f0e6      0x276 hpl/systick/hpl_systick.o
 .debug_info    0x0002f35c     0x2198 hpl/tc/hpl_tc.o
 .debug_info    0x000314f4     0x8541 hpl/usb/hpl_usb.o
 .debug_info    0x00039a35     0x1f3c main.o
 .debug_info    0x0003b971     0x179f usb/class/cdc/device/cdcdf_acm.o
 .debug_info    0x0003d110     0x247a usb/device/usbdc.o
 .debug_info    0x0003f58a      0xea8 usb/usb_protocol.o
 .debug_info    0x00040432     0x1239 usb_start.o

.debug_abbrev   0x00000000     0x5c77
 .debug_abbrev  0x00000000      0x1b4 atmel_start.o
 .debug_abbrev  0x000001b4      0x234 Device_Startup/startup_samd21.o
 .debug_abbrev  0x000003e8      0x3c7 driver_init.o
 .debug_abbrev  0x000007af      0x168 hal/src/hal_adc_sync.o
 .debug_abbrev  0x00000917      0x144 hal/src/hal_atomic.o
 .debug_abbrev  0x00000a5b      0x10c hal/src/hal_crc_sync.o
 .debug_abbrev  0x00000b67       0xe1 hal/src/hal_delay.o
 .debug_abbrev  0x00000c48       0xcd hal/src/hal_evsys.o
 .debug_abbrev  0x00000d15      0x173 hal/src/hal_ext_irq.o
 .debug_abbrev  0x00000e88      0x115 hal/src/hal_io.o
 .debug_abbrev  0x00000f9d      0x180 hal/src/hal_pwm.o
 .debug_abbrev  0x0000111d      0x221 hal/src/hal_timer.o
 .debug_abbrev  0x0000133e      0x217 hal/src/hal_usart_sync.o
 .debug_abbrev  0x00001555      0x485 hal/src/hal_usb_device.o
 .debug_abbrev  0x000019da       0x86 hal/utils/src/utils_assert.o
 .debug_abbrev  0x00001a60      0x159 hal/utils/src/utils_list.o
 .debug_abbrev  0x00001bb9      0x269 hal/utils/src/utils_syscalls.o
 .debug_abbrev  0x00001e22      0x4a2 hpl/adc/hpl_adc.o
 .debug_abbrev  0x000022c4      0x2af hpl/core/hpl_core_m0plus_base.o
 .debug_abbrev  0x00002573      0x1d9 hpl/core/hpl_init.o
 .debug_abbrev  0x0000274c      0x2f0 hpl/dsu/hpl_dsu.o
 .debug_abbrev  0x00002a3c      0x3ef hpl/eic/hpl_eic.o
 .debug_abbrev  0x00002e2b      0x247 hpl/evsys/hpl_evsys.o
 .debug_abbrev  0x00003072      0x1c3 hpl/gclk/hpl_gclk.o
 .debug_abbrev  0x00003235      0x211 hpl/pm/hpl_pm.o
 .debug_abbrev  0x00003446      0x3cf hpl/rtc/hpl_rtc.o
 .debug_abbrev  0x00003815      0x58f hpl/sercom/hpl_sercom.o
 .debug_abbrev  0x00003da4      0x27c hpl/sysctrl/hpl_sysctrl.o
 .debug_abbrev  0x00004020      0x185 hpl/systick/hpl_systick.o
 .debug_abbrev  0x000041a5      0x4d5 hpl/tc/hpl_tc.o
 .debug_abbrev  0x0000467a      0x5d9 hpl/usb/hpl_usb.o
 .debug_abbrev  0x00004c53      0x2a2 main.o
 .debug_abbrev  0x00004ef5      0x422 usb/class/cdc/device/cdcdf_acm.o
 .debug_abbrev  0x00005317      0x420 usb/device/usbdc.o
 .debug_abbrev  0x00005737      0x2b8 usb/usb_protocol.o
 .debug_abbrev  0x000059ef      0x288 usb_start.o

.debug_loc      0x00000000    0x17e1f
 .debug_loc     0x00000000       0x20 atmel_start.o
 .debug_loc     0x00000020       0x40 Device_Startup/startup_samd21.o
 .debug_loc     0x00000060     0x131e driver_init.o
 .debug_loc     0x0000137e      0x8c0 hal/src/hal_adc_sync.o
 .debug_loc     0x00001c3e       0x13 hal/src/hal_atomic.o
 .debug_loc     0x00001c51      0x3cd hal/src/hal_crc_sync.o
 .debug_loc     0x0000201e       0xc3 hal/src/hal_delay.o
 .debug_loc     0x000020e1      0x1c8 hal/src/hal_evsys.o
 .debug_loc     0x000022a9      0x32d hal/src/hal_ext_irq.o
 .debug_loc     0x000025d6      0x18a hal/src/hal_io.o
 .debug_loc     0x00002760      0x3f7 hal/src/hal_pwm.o
 .debug_loc     0x00002b57      0x761 hal/src/hal_timer.o
 .debug_loc     0x000032b8      0x9b2 hal/src/hal_usart_sync.o
 .debug_loc     0x00003c6a     0x138a hal/src/hal_usb_device.o
 .debug_loc     0x00004ff4      0x271 hal/utils/src/utils_list.o
 .debug_loc     0x00005265      0x13b hal/utils/src/utils_syscalls.o
 .debug_loc     0x000053a0     0x1d1b hpl/adc/hpl_adc.o
 .debug_loc     0x000070bb      0x1d7 hpl/core/hpl_core_m0plus_base.o
 .debug_loc     0x00007292       0x4c hpl/core/hpl_init.o
 .debug_loc     0x000072de      0x375 hpl/dsu/hpl_dsu.o
 .debug_loc     0x00007653      0x3d6 hpl/eic/hpl_eic.o
 .debug_loc     0x00007a29      0x27f hpl/evsys/hpl_evsys.o
 .debug_loc     0x00007ca8      0x27c hpl/gclk/hpl_gclk.o
 .debug_loc     0x00007f24      0x11b hpl/pm/hpl_pm.o
 .debug_loc     0x0000803f      0x4c4 hpl/rtc/hpl_rtc.o
 .debug_loc     0x00008503     0x801f hpl/sercom/hpl_sercom.o
 .debug_loc     0x00010522      0x26a hpl/sysctrl/hpl_sysctrl.o
 .debug_loc     0x0001078c      0x10e hpl/systick/hpl_systick.o
 .debug_loc     0x0001089a      0x9b9 hpl/tc/hpl_tc.o
 .debug_loc     0x00011253     0x45a6 hpl/usb/hpl_usb.o
 .debug_loc     0x000157f9       0x57 main.o
 .debug_loc     0x00015850      0x982 usb/class/cdc/device/cdcdf_acm.o
 .debug_loc     0x000161d2     0x156c usb/device/usbdc.o
 .debug_loc     0x0001773e      0x54f usb/usb_protocol.o
 .debug_loc     0x00017c8d      0x192 usb_start.o

.debug_aranges  0x00000000     0x1310
 .debug_aranges
                0x00000000       0x20 atmel_start.o
 .debug_aranges
                0x00000020       0x28 Device_Startup/startup_samd21.o
 .debug_aranges
                0x00000048       0xa0 driver_init.o
 .debug_aranges
                0x000000e8       0x98 hal/src/hal_adc_sync.o
 .debug_aranges
                0x00000180       0x30 hal/src/hal_atomic.o
 .debug_aranges
                0x000001b0       0x50 hal/src/hal_crc_sync.o
 .debug_aranges
                0x00000200       0x38 hal/src/hal_delay.o
 .debug_aranges
                0x00000238       0x50 hal/src/hal_evsys.o
 .debug_aranges
                0x00000288       0x50 hal/src/hal_ext_irq.o
 .debug_aranges
                0x000002d8       0x30 hal/src/hal_io.o
 .debug_aranges
                0x00000308       0x60 hal/src/hal_pwm.o
 .debug_aranges
                0x00000368       0x70 hal/src/hal_timer.o
 .debug_aranges
                0x000003d8       0xa8 hal/src/hal_usart_sync.o
 .debug_aranges
                0x00000480      0x100 hal/src/hal_usb_device.o
 .debug_aranges
                0x00000580       0x20 hal/utils/src/utils_assert.o
 .debug_aranges
                0x000005a0       0x48 hal/utils/src/utils_list.o
 .debug_aranges
                0x000005e8       0x60 hal/utils/src/utils_syscalls.o
 .debug_aranges
                0x00000648      0x1e0 hpl/adc/hpl_adc.o
 .debug_aranges
                0x00000828       0x70 hpl/core/hpl_core_m0plus_base.o
 .debug_aranges
                0x00000898       0x20 hpl/core/hpl_init.o
 .debug_aranges
                0x000008b8       0x48 hpl/dsu/hpl_dsu.o
 .debug_aranges
                0x00000900       0x38 hpl/eic/hpl_eic.o
 .debug_aranges
                0x00000938       0x38 hpl/evsys/hpl_evsys.o
 .debug_aranges
                0x00000970       0x28 hpl/gclk/hpl_gclk.o
 .debug_aranges
                0x00000998       0x30 hpl/pm/hpl_pm.o
 .debug_aranges
                0x000009c8       0x68 hpl/rtc/hpl_rtc.o
 .debug_aranges
                0x00000a30      0x4c8 hpl/sercom/hpl_sercom.o
 .debug_aranges
                0x00000ef8       0x28 hpl/sysctrl/hpl_sysctrl.o
 .debug_aranges
                0x00000f20       0x48 hpl/systick/hpl_systick.o
 .debug_aranges
                0x00000f68       0x80 hpl/tc/hpl_tc.o
 .debug_aranges
                0x00000fe8      0x128 hpl/usb/hpl_usb.o
 .debug_aranges
                0x00001110       0x20 main.o
 .debug_aranges
                0x00001130       0x70 usb/class/cdc/device/cdcdf_acm.o
 .debug_aranges
                0x000011a0       0xe0 usb/device/usbdc.o
 .debug_aranges
                0x00001280       0x48 usb/usb_protocol.o
 .debug_aranges
                0x000012c8       0x48 usb_start.o

.debug_ranges   0x00000000     0x1c68
 .debug_ranges  0x00000000       0x10 atmel_start.o
 .debug_ranges  0x00000010       0x18 Device_Startup/startup_samd21.o
 .debug_ranges  0x00000028       0x90 driver_init.o
 .debug_ranges  0x000000b8       0xa0 hal/src/hal_adc_sync.o
 .debug_ranges  0x00000158       0x20 hal/src/hal_atomic.o
 .debug_ranges  0x00000178       0x40 hal/src/hal_crc_sync.o
 .debug_ranges  0x000001b8       0x28 hal/src/hal_delay.o
 .debug_ranges  0x000001e0       0x40 hal/src/hal_evsys.o
 .debug_ranges  0x00000220       0x40 hal/src/hal_ext_irq.o
 .debug_ranges  0x00000260       0x20 hal/src/hal_io.o
 .debug_ranges  0x00000280       0x50 hal/src/hal_pwm.o
 .debug_ranges  0x000002d0       0xa8 hal/src/hal_timer.o
 .debug_ranges  0x00000378       0x98 hal/src/hal_usart_sync.o
 .debug_ranges  0x00000410      0x148 hal/src/hal_usb_device.o
 .debug_ranges  0x00000558       0x10 hal/utils/src/utils_assert.o
 .debug_ranges  0x00000568       0x58 hal/utils/src/utils_list.o
 .debug_ranges  0x000005c0       0x50 hal/utils/src/utils_syscalls.o
 .debug_ranges  0x00000610      0x1e8 hpl/adc/hpl_adc.o
 .debug_ranges  0x000007f8       0x60 hpl/core/hpl_core_m0plus_base.o
 .debug_ranges  0x00000858       0x10 hpl/core/hpl_init.o
 .debug_ranges  0x00000868       0x50 hpl/dsu/hpl_dsu.o
 .debug_ranges  0x000008b8       0x48 hpl/eic/hpl_eic.o
 .debug_ranges  0x00000900       0x58 hpl/evsys/hpl_evsys.o
 .debug_ranges  0x00000958       0x18 hpl/gclk/hpl_gclk.o
 .debug_ranges  0x00000970       0x20 hpl/pm/hpl_pm.o
 .debug_ranges  0x00000990       0x58 hpl/rtc/hpl_rtc.o
 .debug_ranges  0x000009e8      0x9f8 hpl/sercom/hpl_sercom.o
 .debug_ranges  0x000013e0       0x60 hpl/sysctrl/hpl_sysctrl.o
 .debug_ranges  0x00001440       0x38 hpl/systick/hpl_systick.o
 .debug_ranges  0x00001478       0xa0 hpl/tc/hpl_tc.o
 .debug_ranges  0x00001518      0x400 hpl/usb/hpl_usb.o
 .debug_ranges  0x00001918       0x10 main.o
 .debug_ranges  0x00001928       0xa8 usb/class/cdc/device/cdcdf_acm.o
 .debug_ranges  0x000019d0      0x1c8 usb/device/usbdc.o
 .debug_ranges  0x00001b98       0x98 usb/usb_protocol.o
 .debug_ranges  0x00001c30       0x38 usb_start.o

.debug_macro    0x00000000    0x203d5
 .debug_macro   0x00000000      0x6ed atmel_start.o
 .debug_macro   0x000006ed      0x89e atmel_start.o
 .debug_macro   0x00000f8b      0x16d atmel_start.o
 .debug_macro   0x000010f8       0x22 atmel_start.o
 .debug_macro   0x0000111a       0x87 atmel_start.o
 .debug_macro   0x000011a1       0x51 atmel_start.o
 .debug_macro   0x000011f2       0xef atmel_start.o
 .debug_macro   0x000012e1       0x6a atmel_start.o
 .debug_macro   0x0000134b      0x1df atmel_start.o
 .debug_macro   0x0000152a       0x22 atmel_start.o
 .debug_macro   0x0000154c       0x3f atmel_start.o
 .debug_macro   0x0000158b       0x1c atmel_start.o
 .debug_macro   0x000015a7       0x22 atmel_start.o
 .debug_macro   0x000015c9       0xb5 atmel_start.o
 .debug_macro   0x0000167e      0x3ad atmel_start.o
 .debug_macro   0x00001a2b      0x67e atmel_start.o
 .debug_macro   0x000020a9      0x8b1 atmel_start.o
 .debug_macro   0x0000295a      0x22e atmel_start.o
 .debug_macro   0x00002b88      0xd5c atmel_start.o
 .debug_macro   0x000038e4      0x4dc atmel_start.o
 .debug_macro   0x00003dc0      0x9f6 atmel_start.o
 .debug_macro   0x000047b6      0x82b atmel_start.o
 .debug_macro   0x00004fe1      0x45f atmel_start.o
 .debug_macro   0x00005440       0x5e atmel_start.o
 .debug_macro   0x0000549e      0x8f9 atmel_start.o
 .debug_macro   0x00005d97      0x21c atmel_start.o
 .debug_macro   0x00005fb3      0x735 atmel_start.o
 .debug_macro   0x000066e8       0x5e atmel_start.o
 .debug_macro   0x00006746      0x632 atmel_start.o
 .debug_macro   0x00006d78      0x3ac atmel_start.o
 .debug_macro   0x00007124      0xc76 atmel_start.o
 .debug_macro   0x00007d9a     0x1092 atmel_start.o
 .debug_macro   0x00008e2c      0xc4a atmel_start.o
 .debug_macro   0x00009a76      0x6ba atmel_start.o
 .debug_macro   0x0000a130     0x1b3d atmel_start.o
 .debug_macro   0x0000bc6d     0x143c atmel_start.o
 .debug_macro   0x0000d0a9      0x340 atmel_start.o
 .debug_macro   0x0000d3e9       0x7c atmel_start.o
 .debug_macro   0x0000d465       0xa0 atmel_start.o
 .debug_macro   0x0000d505       0x4c atmel_start.o
 .debug_macro   0x0000d551       0xca atmel_start.o
 .debug_macro   0x0000d61b       0x94 atmel_start.o
 .debug_macro   0x0000d6af       0x58 atmel_start.o
 .debug_macro   0x0000d707      0x341 atmel_start.o
 .debug_macro   0x0000da48       0x82 atmel_start.o
 .debug_macro   0x0000daca      0x189 atmel_start.o
 .debug_macro   0x0000dc53       0xb8 atmel_start.o
 .debug_macro   0x0000dd0b       0xa0 atmel_start.o
 .debug_macro   0x0000ddab       0xb2 atmel_start.o
 .debug_macro   0x0000de5d       0x1c atmel_start.o
 .debug_macro   0x0000de79       0x1c atmel_start.o
 .debug_macro   0x0000de95       0x1c atmel_start.o
 .debug_macro   0x0000deb1       0x7c atmel_start.o
 .debug_macro   0x0000df2d      0x15a atmel_start.o
 .debug_macro   0x0000e087       0x10 atmel_start.o
 .debug_macro   0x0000e097       0xdc atmel_start.o
 .debug_macro   0x0000e173      0x124 atmel_start.o
 .debug_macro   0x0000e297      0x124 atmel_start.o
 .debug_macro   0x0000e3bb      0x124 atmel_start.o
 .debug_macro   0x0000e4df      0x124 atmel_start.o
 .debug_macro   0x0000e603      0x124 atmel_start.o
 .debug_macro   0x0000e727      0x124 atmel_start.o
 .debug_macro   0x0000e84b      0x124 atmel_start.o
 .debug_macro   0x0000e96f       0xe2 atmel_start.o
 .debug_macro   0x0000ea51       0xe2 atmel_start.o
 .debug_macro   0x0000eb33       0xe2 atmel_start.o
 .debug_macro   0x0000ec15      0x12a atmel_start.o
 .debug_macro   0x0000ed3f      0x100 atmel_start.o
 .debug_macro   0x0000ee3f       0xf4 atmel_start.o
 .debug_macro   0x0000ef33      0x40f atmel_start.o
 .debug_macro   0x0000f342       0x40 atmel_start.o
 .debug_macro   0x0000f382      0x376 atmel_start.o
 .debug_macro   0x0000f6f8     0x17df atmel_start.o
 .debug_macro   0x00010ed7       0x6d atmel_start.o
 .debug_macro   0x00010f44       0x10 atmel_start.o
 .debug_macro   0x00010f54       0x10 atmel_start.o
 .debug_macro   0x00010f64       0x16 atmel_start.o
 .debug_macro   0x00010f7a       0x16 atmel_start.o
 .debug_macro   0x00010f90       0x16 atmel_start.o
 .debug_macro   0x00010fa6       0x16 atmel_start.o
 .debug_macro   0x00010fbc       0x16 atmel_start.o
 .debug_macro   0x00010fd2       0x16 atmel_start.o
 .debug_macro   0x00010fe8       0x16 atmel_start.o
 .debug_macro   0x00010ffe       0x16 atmel_start.o
 .debug_macro   0x00011014       0x16 atmel_start.o
 .debug_macro   0x0001102a       0x16 atmel_start.o
 .debug_macro   0x00011040       0x16 atmel_start.o
 .debug_macro   0x00011056       0x16 atmel_start.o
 .debug_macro   0x0001106c       0x16 atmel_start.o
 .debug_macro   0x00011082       0x16 atmel_start.o
 .debug_macro   0x00011098      0x4c3 atmel_start.o
 .debug_macro   0x0001155b       0x94 atmel_start.o
 .debug_macro   0x000115ef       0x16 atmel_start.o
 .debug_macro   0x00011605       0x6a atmel_start.o
 .debug_macro   0x0001166f      0x28c atmel_start.o
 .debug_macro   0x000118fb      0x4d8 atmel_start.o
 .debug_macro   0x00011dd3       0x16 atmel_start.o
 .debug_macro   0x00011de9       0xca atmel_start.o
 .debug_macro   0x00011eb3       0x1c atmel_start.o
 .debug_macro   0x00011ecf       0x16 atmel_start.o
 .debug_macro   0x00011ee5       0x6a atmel_start.o
 .debug_macro   0x00011f4f       0xc9 atmel_start.o
 .debug_macro   0x00012018       0xcb atmel_start.o
 .debug_macro   0x000120e3       0xee atmel_start.o
 .debug_macro   0x000121d1       0x58 atmel_start.o
 .debug_macro   0x00012229       0x35 atmel_start.o
 .debug_macro   0x0001225e       0x9c atmel_start.o
 .debug_macro   0x000122fa       0x58 atmel_start.o
 .debug_macro   0x00012352       0x1f atmel_start.o
 .debug_macro   0x00012371       0x43 atmel_start.o
 .debug_macro   0x000123b4       0x20 atmel_start.o
 .debug_macro   0x000123d4      0x187 atmel_start.o
 .debug_macro   0x0001255b      0x34d atmel_start.o
 .debug_macro   0x000128a8       0x10 atmel_start.o
 .debug_macro   0x000128b8       0x35 atmel_start.o
 .debug_macro   0x000128ed       0x76 atmel_start.o
 .debug_macro   0x00012963      0x11b atmel_start.o
 .debug_macro   0x00012a7e      0x12b atmel_start.o
 .debug_macro   0x00012ba9      0x256 atmel_start.o
 .debug_macro   0x00012dff       0x4c atmel_start.o
 .debug_macro   0x00012e4b      0x2fc Device_Startup/startup_samd21.o
 .debug_macro   0x00013147       0x39 Device_Startup/startup_samd21.o
 .debug_macro   0x00013180      0x602 driver_init.o
 .debug_macro   0x00013782      0x114 driver_init.o
 .debug_macro   0x00013896      0x45e hal/src/hal_adc_sync.o
 .debug_macro   0x00013cf4      0x42a hal/src/hal_atomic.o
 .debug_macro   0x0001411e      0x447 hal/src/hal_crc_sync.o
 .debug_macro   0x00014565      0x45c hal/src/hal_delay.o
 .debug_macro   0x000149c1      0x43e hal/src/hal_evsys.o
 .debug_macro   0x00014dff      0x450 hal/src/hal_ext_irq.o
 .debug_macro   0x0001524f      0x43d hal/src/hal_io.o
 .debug_macro   0x0001568c      0x45a hal/src/hal_pwm.o
 .debug_macro   0x00015ae6      0x470 hal/src/hal_timer.o
 .debug_macro   0x00015f56      0x464 hal/src/hal_usart_sync.o
 .debug_macro   0x000163ba      0x512 hal/src/hal_usb_device.o
 .debug_macro   0x000168cc      0x433 hal/utils/src/utils_assert.o
 .debug_macro   0x00016cff       0x10 hal/utils/src/utils_assert.o
 .debug_macro   0x00016d0f      0x437 hal/utils/src/utils_list.o
 .debug_macro   0x00017146      0x1d6 hal/utils/src/utils_syscalls.o
 .debug_macro   0x0001731c       0x52 hal/utils/src/utils_syscalls.o
 .debug_macro   0x0001736e       0x8d hal/utils/src/utils_syscalls.o
 .debug_macro   0x000173fb       0x16 hal/utils/src/utils_syscalls.o
 .debug_macro   0x00017411       0x57 hal/utils/src/utils_syscalls.o
 .debug_macro   0x00017468       0x97 hal/utils/src/utils_syscalls.o
 .debug_macro   0x000174ff      0x353 hal/utils/src/utils_syscalls.o
 .debug_macro   0x00017852       0xf6 hal/utils/src/utils_syscalls.o
 .debug_macro   0x00017948       0x10 hal/utils/src/utils_syscalls.o
 .debug_macro   0x00017958       0x10 hal/utils/src/utils_syscalls.o
 .debug_macro   0x00017968       0x1c hal/utils/src/utils_syscalls.o
 .debug_macro   0x00017984       0x52 hal/utils/src/utils_syscalls.o
 .debug_macro   0x000179d6       0x40 hal/utils/src/utils_syscalls.o
 .debug_macro   0x00017a16       0x10 hal/utils/src/utils_syscalls.o
 .debug_macro   0x00017a26       0x40 hal/utils/src/utils_syscalls.o
 .debug_macro   0x00017a66       0xd7 hal/utils/src/utils_syscalls.o
 .debug_macro   0x00017b3d       0x16 hal/utils/src/utils_syscalls.o
 .debug_macro   0x00017b53      0x18b hal/utils/src/utils_syscalls.o
 .debug_macro   0x00017cde       0x4c hal/utils/src/utils_syscalls.o
 .debug_macro   0x00017d2a       0x16 hal/utils/src/utils_syscalls.o
 .debug_macro   0x00017d40       0x10 hal/utils/src/utils_syscalls.o
 .debug_macro   0x00017d50       0x10 hal/utils/src/utils_syscalls.o
 .debug_macro   0x00017d60       0x35 hal/utils/src/utils_syscalls.o
 .debug_macro   0x00017d95      0x122 hal/utils/src/utils_syscalls.o
 .debug_macro   0x00017eb7      0x485 hpl/adc/hpl_adc.o
 .debug_macro   0x0001833c      0x6cc hpl/adc/hpl_adc.o
 .debug_macro   0x00018a08      0x6ba hpl/adc/hpl_adc.o
 .debug_macro   0x000190c2       0xd2 hpl/adc/hpl_adc.o
 .debug_macro   0x00019194      0x481 hpl/core/hpl_core_m0plus_base.o
 .debug_macro   0x00019615      0x4a4 hpl/core/hpl_init.o
 .debug_macro   0x00019ab9       0x2e hpl/core/hpl_init.o
 .debug_macro   0x00019ae7      0x6ec hpl/core/hpl_init.o
 .debug_macro   0x0001a1d3      0x44f hpl/dsu/hpl_dsu.o
 .debug_macro   0x0001a622      0x514 hpl/eic/hpl_eic.o
 .debug_macro   0x0001ab36      0x23a hpl/eic/hpl_eic.o
 .debug_macro   0x0001ad70      0x4a8 hpl/evsys/hpl_evsys.o
 .debug_macro   0x0001b218      0x2c7 hpl/evsys/hpl_evsys.o
 .debug_macro   0x0001b4df      0x446 hpl/gclk/hpl_gclk.o
 .debug_macro   0x0001b925      0x1f3 hpl/gclk/hpl_gclk.o
 .debug_macro   0x0001bb18      0x469 hpl/pm/hpl_pm.o
 .debug_macro   0x0001bf81      0x46e hpl/rtc/hpl_rtc.o
 .debug_macro   0x0001c3ef       0x64 hpl/rtc/hpl_rtc.o
 .debug_macro   0x0001c453      0x672 hpl/sercom/hpl_sercom.o
 .debug_macro   0x0001cac5       0x70 hpl/sercom/hpl_sercom.o
 .debug_macro   0x0001cb35       0xba hpl/sercom/hpl_sercom.o
 .debug_macro   0x0001cbef       0x10 hpl/sercom/hpl_sercom.o
 .debug_macro   0x0001cbff       0x1c hpl/sercom/hpl_sercom.o
 .debug_macro   0x0001cc1b       0x22 hpl/sercom/hpl_sercom.o
 .debug_macro   0x0001cc3d       0x10 hpl/sercom/hpl_sercom.o
 .debug_macro   0x0001cc4d      0x440 hpl/sysctrl/hpl_sysctrl.o
 .debug_macro   0x0001d08d      0x2da hpl/sysctrl/hpl_sysctrl.o
 .debug_macro   0x0001d367      0x437 hpl/systick/hpl_systick.o
 .debug_macro   0x0001d79e       0x10 hpl/systick/hpl_systick.o
 .debug_macro   0x0001d7ae      0x4aa hpl/tc/hpl_tc.o
 .debug_macro   0x0001dc58       0x76 hpl/tc/hpl_tc.o
 .debug_macro   0x0001dcce      0x6da hpl/usb/hpl_usb.o
 .debug_macro   0x0001e3a8      0x7b1 main.o
 .debug_macro   0x0001eb59       0x1c main.o
 .debug_macro   0x0001eb75      0x576 usb/class/cdc/device/cdcdf_acm.o
 .debug_macro   0x0001f0eb       0xaf usb/class/cdc/device/cdcdf_acm.o
 .debug_macro   0x0001f19a       0xd1 usb/class/cdc/device/cdcdf_acm.o
 .debug_macro   0x0001f26b      0x555 usb/device/usbdc.o
 .debug_macro   0x0001f7c0      0x523 usb/usb_protocol.o
 .debug_macro   0x0001fce3      0x6f2 usb_start.o

.debug_line     0x00000000    0x1b18b
 .debug_line    0x00000000      0xd0b atmel_start.o
 .debug_line    0x00000d0b      0x6f7 Device_Startup/startup_samd21.o
 .debug_line    0x00001402      0xec0 driver_init.o
 .debug_line    0x000022c2      0xaf9 hal/src/hal_adc_sync.o
 .debug_line    0x00002dbb      0x974 hal/src/hal_atomic.o
 .debug_line    0x0000372f      0xa1c hal/src/hal_crc_sync.o
 .debug_line    0x0000414b      0x99f hal/src/hal_delay.o
 .debug_line    0x00004aea      0x9a9 hal/src/hal_evsys.o
 .debug_line    0x00005493      0x9df hal/src/hal_ext_irq.o
 .debug_line    0x00005e72      0x988 hal/src/hal_io.o
 .debug_line    0x000067fa      0xa2c hal/src/hal_pwm.o
 .debug_line    0x00007226      0xb1d hal/src/hal_timer.o
 .debug_line    0x00007d43      0xb60 hal/src/hal_usart_sync.o
 .debug_line    0x000088a3      0xd2d hal/src/hal_usb_device.o
 .debug_line    0x000095d0      0x93e hal/utils/src/utils_assert.o
 .debug_line    0x00009f0e      0x9d2 hal/utils/src/utils_list.o
 .debug_line    0x0000a8e0      0x40b hal/utils/src/utils_syscalls.o
 .debug_line    0x0000aceb     0x1217 hpl/adc/hpl_adc.o
 .debug_line    0x0000bf02      0xae9 hpl/core/hpl_core_m0plus_base.o
 .debug_line    0x0000c9eb      0xa1f hpl/core/hpl_init.o
 .debug_line    0x0000d40a      0xa30 hpl/dsu/hpl_dsu.o
 .debug_line    0x0000de3a      0xb0b hpl/eic/hpl_eic.o
 .debug_line    0x0000e945      0xa50 hpl/evsys/hpl_evsys.o
 .debug_line    0x0000f395      0x9d8 hpl/gclk/hpl_gclk.o
 .debug_line    0x0000fd6d      0x9e4 hpl/pm/hpl_pm.o
 .debug_line    0x00010751      0xb63 hpl/rtc/hpl_rtc.o
 .debug_line    0x000112b4     0x280f hpl/sercom/hpl_sercom.o
 .debug_line    0x00013ac3      0xa83 hpl/sysctrl/hpl_sysctrl.o
 .debug_line    0x00014546      0x9d2 hpl/systick/hpl_systick.o
 .debug_line    0x00014f18      0xc2c hpl/tc/hpl_tc.o
 .debug_line    0x00015b44     0x150c hpl/usb/hpl_usb.o
 .debug_line    0x00017050      0xdff main.o
 .debug_line    0x00017e4f      0xc6c usb/class/cdc/device/cdcdf_acm.o
 .debug_line    0x00018abb      0xdf3 usb/device/usbdc.o
 .debug_line    0x000198ae      0xb75 usb/usb_protocol.o
 .debug_line    0x0001a423      0xd68 usb_start.o

.debug_str      0x00000000    0x9676a
 .debug_str     0x00000000    0x7c687 atmel_start.o
                              0x7cbd0 (size before relaxing)
 .debug_str     0x0007c687     0x108f Device_Startup/startup_samd21.o
                              0x6e1f4 (size before relaxing)
 .debug_str     0x0007d716     0x211c driver_init.o
                              0x7a075 (size before relaxing)
 .debug_str     0x0007f832      0x3fc hal/src/hal_adc_sync.o
                              0x762b2 (size before relaxing)
 .debug_str     0x0007fc2e       0x9c hal/src/hal_atomic.o
                              0x75cb4 (size before relaxing)
 .debug_str     0x0007fcca       0x97 hal/src/hal_crc_sync.o
                              0x75e21 (size before relaxing)
 .debug_str     0x0007fd61       0x9b hal/src/hal_delay.o
                              0x75d1e (size before relaxing)
 .debug_str     0x0007fdfc       0xca hal/src/hal_evsys.o
                              0x75d9c (size before relaxing)
 .debug_str     0x0007fec6       0xec hal/src/hal_ext_irq.o
                              0x75d99 (size before relaxing)
 .debug_str     0x0007ffb2       0x3d hal/src/hal_io.o
                              0x75d61 (size before relaxing)
 .debug_str     0x0007ffef      0x185 hal/src/hal_pwm.o
                              0x76451 (size before relaxing)
 .debug_str     0x00080174      0x2cc hal/src/hal_timer.o
                              0x765f3 (size before relaxing)
 .debug_str     0x00080440      0x4aa hal/src/hal_usart_sync.o
                              0x76801 (size before relaxing)
 .debug_str     0x000808ea      0x825 hal/src/hal_usb_device.o
                              0x79eb5 (size before relaxing)
 .debug_str     0x0008110f       0x2a hal/utils/src/utils_assert.o
                              0x75cc4 (size before relaxing)
 .debug_str     0x00081139       0x31 hal/utils/src/utils_list.o
                              0x75d6e (size before relaxing)
 .debug_str     0x0008116a     0x18f0 hal/utils/src/utils_syscalls.o
                               0x7306 (size before relaxing)
 .debug_str     0x00082a5a     0x6c40 hpl/adc/hpl_adc.o
                              0x7d0ac (size before relaxing)
 .debug_str     0x0008969a      0x10b hpl/core/hpl_core_m0plus_base.o
                              0x76cd0 (size before relaxing)
 .debug_str     0x000897a5     0x17d7 hpl/core/hpl_init.o
                              0x77e40 (size before relaxing)
 .debug_str     0x0008af7c      0x195 hpl/dsu/hpl_dsu.o
                              0x76203 (size before relaxing)
 .debug_str     0x0008b111      0xeeb hpl/eic/hpl_eic.o
                              0x79ff0 (size before relaxing)
 .debug_str     0x0008bffc      0xf92 hpl/evsys/hpl_evsys.o
                              0x7c32e (size before relaxing)
 .debug_str     0x0008cf8e      0x856 hpl/gclk/hpl_gclk.o
                              0x765e8 (size before relaxing)
 .debug_str     0x0008d7e4      0x194 hpl/pm/hpl_pm.o
                              0x7699f (size before relaxing)
 .debug_str     0x0008d978      0x35f hpl/rtc/hpl_rtc.o
                              0x767e4 (size before relaxing)
 .debug_str     0x0008dcd7     0x473a hpl/sercom/hpl_sercom.o
                              0x7beaa (size before relaxing)
 .debug_str     0x00092411     0x12e3 hpl/sysctrl/hpl_sysctrl.o
                              0x7718d (size before relaxing)
 .debug_str     0x000936f4       0xcd hpl/systick/hpl_systick.o
                              0x75d0c (size before relaxing)
 .debug_str     0x000937c1      0x8d9 hpl/tc/hpl_tc.o
                              0x7792e (size before relaxing)
 .debug_str     0x0009409a     0x1793 hpl/usb/hpl_usb.o
                              0x7bfb7 (size before relaxing)
 .debug_str     0x0009582d       0x71 main.o
                              0x7e297 (size before relaxing)
 .debug_str     0x0009589e      0x769 usb/class/cdc/device/cdcdf_acm.o
                              0x7c2ab (size before relaxing)
 .debug_str     0x00096007      0x53f usb/device/usbdc.o
                              0x7b914 (size before relaxing)
 .debug_str     0x00096546       0xe4 usb/usb_protocol.o
                              0x79ec8 (size before relaxing)
 .debug_str     0x0009662a      0x140 usb_start.o
                              0x7cec3 (size before relaxing)

.debug_frame    0x00000000     0x3498
 .debug_frame   0x00000000       0x28 atmel_start.o
 .debug_frame   0x00000028       0x40 Device_Startup/startup_samd21.o
 .debug_frame   0x00000068      0x19c driver_init.o
 .debug_frame   0x00000204      0x1d4 hal/src/hal_adc_sync.o
 .debug_frame   0x000003d8       0x40 hal/src/hal_atomic.o
 .debug_frame   0x00000418       0xc4 hal/src/hal_crc_sync.o
 .debug_frame   0x000004dc       0x68 hal/src/hal_delay.o
 .debug_frame   0x00000544       0xb0 hal/src/hal_evsys.o
 .debug_frame   0x000005f4       0xb4 hal/src/hal_ext_irq.o
 .debug_frame   0x000006a8       0x58 hal/src/hal_io.o
 .debug_frame   0x00000700       0xec hal/src/hal_pwm.o
 .debug_frame   0x000007ec      0x14c hal/src/hal_timer.o
 .debug_frame   0x00000938      0x200 hal/src/hal_usart_sync.o
 .debug_frame   0x00000b38      0x314 hal/src/hal_usb_device.o
 .debug_frame   0x00000e4c       0x20 hal/utils/src/utils_assert.o
 .debug_frame   0x00000e6c       0x88 hal/utils/src/utils_list.o
 .debug_frame   0x00000ef4       0xa8 hal/utils/src/utils_syscalls.o
 .debug_frame   0x00000f9c      0x464 hpl/adc/hpl_adc.o
 .debug_frame   0x00001400       0xd4 hpl/core/hpl_core_m0plus_base.o
 .debug_frame   0x000014d4       0x28 hpl/core/hpl_init.o
 .debug_frame   0x000014fc       0x88 hpl/dsu/hpl_dsu.o
 .debug_frame   0x00001584       0x68 hpl/eic/hpl_eic.o
 .debug_frame   0x000015ec       0x58 hpl/evsys/hpl_evsys.o
 .debug_frame   0x00001644       0x30 hpl/gclk/hpl_gclk.o
 .debug_frame   0x00001674       0x40 hpl/pm/hpl_pm.o
 .debug_frame   0x000016b4       0xdc hpl/rtc/hpl_rtc.o
 .debug_frame   0x00001790      0xddc hpl/sercom/hpl_sercom.o
 .debug_frame   0x0000256c       0x30 hpl/sysctrl/hpl_sysctrl.o
 .debug_frame   0x0000259c       0x7c hpl/systick/hpl_systick.o
 .debug_frame   0x00002618      0x128 hpl/tc/hpl_tc.o
 .debug_frame   0x00002740      0x378 hpl/usb/hpl_usb.o
 .debug_frame   0x00002ab8       0x34 main.o
 .debug_frame   0x00002aec      0x124 usb/class/cdc/device/cdcdf_acm.o
 .debug_frame   0x00002c10      0x274 usb/device/usbdc.o
 .debug_frame   0x00002e84       0xa8 usb/usb_protocol.o
 .debug_frame   0x00002f2c       0xa4 usb_start.o
 .debug_frame   0x00002fd0       0x20 c:/program files (x86)/atmel/studio/7.0/toolchain/arm/arm-gnu-toolchain/bin/../lib/gcc/arm-none-eabi/6.3.1/thumb/v6-m\libgcc.a(_udivsi3.o)
 .debug_frame   0x00002ff0       0x20 c:/program files (x86)/atmel/studio/7.0/toolchain/arm/arm-gnu-toolchain/bin/../lib/gcc/arm-none-eabi/6.3.1/thumb/v6-m\libgcc.a(_divsi3.o)
 .debug_frame   0x00003010       0x28 c:/program files (x86)/atmel/studio/7.0/toolchain/arm/arm-gnu-toolchain/bin/../lib/gcc/arm-none-eabi/6.3.1/thumb/v6-m\libgcc.a(_ffssi2.o)
 .debug_frame   0x00003038       0x2c c:/program files (x86)/atmel/studio/7.0/toolchain/arm/arm-gnu-toolchain/bin/../lib/gcc/arm-none-eabi/6.3.1/../../../../arm-none-eabi/lib/thumb/v6-m\libc_nano.a(lib_a-init.o)
 .debug_frame   0x00003064       0x28 c:/program files (x86)/atmel/studio/7.0/toolchain/arm/arm-gnu-toolchain/bin/../lib/gcc/arm-none-eabi/6.3.1/../../../../arm-none-eabi/lib/thumb/v6-m\libc_nano.a(lib_a-memcpy-stub.o)
 .debug_frame   0x0000308c       0x20 c:/program files (x86)/atmel/studio/7.0/toolchain/arm/arm-gnu-toolchain/bin/../lib/gcc/arm-none-eabi/6.3.1/../../../../arm-none-eabi/lib/thumb/v6-m\libc_nano.a(lib_a-memset.o)
 .debug_frame   0x000030ac       0x50 c:/program files (x86)/atmel/studio/7.0/toolchain/arm/arm-gnu-toolchain/bin/../lib/gcc/arm-none-eabi/6.3.1/../../../../arm-none-eabi/lib/thumb/v6-m\libc_nano.a(lib_a-sprintf.o)
 .debug_frame   0x000030fc      0x140 c:/program files (x86)/atmel/studio/7.0/toolchain/arm/arm-gnu-toolchain/bin/../lib/gcc/arm-none-eabi/6.3.1/../../../../arm-none-eabi/lib/thumb/v6-m\libc_nano.a(lib_a-findfp.o)
 .debug_frame   0x0000323c       0x2c c:/program files (x86)/atmel/studio/7.0/toolchain/arm/arm-gnu-toolchain/bin/../lib/gcc/arm-none-eabi/6.3.1/../../../../arm-none-eabi/lib/thumb/v6-m\libc_nano.a(lib_a-nano-mallocr.o)
 .debug_frame   0x00003268       0x74 c:/program files (x86)/atmel/studio/7.0/toolchain/arm/arm-gnu-toolchain/bin/../lib/gcc/arm-none-eabi/6.3.1/../../../../arm-none-eabi/lib/thumb/v6-m\libc_nano.a(lib_a-nano-svfprintf.o)
 .debug_frame   0x000032dc       0x54 c:/program files (x86)/atmel/studio/7.0/toolchain/arm/arm-gnu-toolchain/bin/../lib/gcc/arm-none-eabi/6.3.1/../../../../arm-none-eabi/lib/thumb/v6-m\libc_nano.a(lib_a-nano-vfprintf_i.o)
 .debug_frame   0x00003330       0x2c c:/program files (x86)/atmel/studio/7.0/toolchain/arm/arm-gnu-toolchain/bin/../lib/gcc/arm-none-eabi/6.3.1/../../../../arm-none-eabi/lib/thumb/v6-m\libc_nano.a(lib_a-sbrkr.o)
 .debug_frame   0x0000335c       0x20 c:/program files (x86)/atmel/studio/7.0/toolchain/arm/arm-gnu-toolchain/bin/../lib/gcc/arm-none-eabi/6.3.1/../../../../arm-none-eabi/lib/thumb/v6-m\libc_nano.a(lib_a-memchr-stub.o)
 .debug_frame   0x0000337c       0x28 c:/program files (x86)/atmel/studio/7.0/toolchain/arm/arm-gnu-toolchain/bin/../lib/gcc/arm-none-eabi/6.3.1/../../../../arm-none-eabi/lib/thumb/v6-m\libc_nano.a(lib_a-memmove.o)
 .debug_frame   0x000033a4       0x30 c:/program files (x86)/atmel/studio/7.0/toolchain/arm/arm-gnu-toolchain/bin/../lib/gcc/arm-none-eabi/6.3.1/../../../../arm-none-eabi/lib/thumb/v6-m\libc_nano.a(lib_a-mlock.o)
 .debug_frame   0x000033d4       0x2c c:/program files (x86)/atmel/studio/7.0/toolchain/arm/arm-gnu-toolchain/bin/../lib/gcc/arm-none-eabi/6.3.1/../../../../arm-none-eabi/lib/thumb/v6-m\libc_nano.a(lib_a-nano-freer.o)
 .debug_frame   0x00003400       0x30 c:/program files (x86)/atmel/studio/7.0/toolchain/arm/arm-gnu-toolchain/bin/../lib/gcc/arm-none-eabi/6.3.1/../../../../arm-none-eabi/lib/thumb/v6-m\libc_nano.a(lib_a-nano-reallocr.o)
 .debug_frame   0x00003430       0x48 c:/program files (x86)/atmel/studio/7.0/toolchain/arm/arm-gnu-toolchain/bin/../lib/gcc/arm-none-eabi/6.3.1/../../../../arm-none-eabi/lib/thumb/v6-m\libc_nano.a(lib_a-reent.o)
 .debug_frame   0x00003478       0x20 c:/program files (x86)/atmel/studio/7.0/toolchain/arm/arm-gnu-toolchain/bin/../lib/gcc/arm-none-eabi/6.3.1/../../../../arm-none-eabi/lib/thumb/v6-m\libc_nano.a(lib_a-nano-msizer.o)
